Archive member included to satisfy reference by file (symbol)

/usr/lib/gcc/arm-none-eabi/8.2.0/../../../../arm-none-eabi/lib/thumb/v7e-m+dp/hard/libc_nano.a(lib_a-atexit.o)
                              /usr/lib/gcc/arm-none-eabi/8.2.0/../../../../arm-none-eabi/lib/thumb/v7e-m+dp/hard/crt0.o (atexit)
/usr/lib/gcc/arm-none-eabi/8.2.0/../../../../arm-none-eabi/lib/thumb/v7e-m+dp/hard/libc_nano.a(lib_a-exit.o)
                              /usr/lib/gcc/arm-none-eabi/8.2.0/../../../../arm-none-eabi/lib/thumb/v7e-m+dp/hard/crt0.o (exit)
/usr/lib/gcc/arm-none-eabi/8.2.0/../../../../arm-none-eabi/lib/thumb/v7e-m+dp/hard/libc_nano.a(lib_a-fini.o)
                              /usr/lib/gcc/arm-none-eabi/8.2.0/../../../../arm-none-eabi/lib/thumb/v7e-m+dp/hard/crt0.o (__libc_fini_array)
/usr/lib/gcc/arm-none-eabi/8.2.0/../../../../arm-none-eabi/lib/thumb/v7e-m+dp/hard/libc_nano.a(lib_a-impure.o)
                              /usr/lib/gcc/arm-none-eabi/8.2.0/../../../../arm-none-eabi/lib/thumb/v7e-m+dp/hard/libc_nano.a(lib_a-exit.o) (_global_impure_ptr)
/usr/lib/gcc/arm-none-eabi/8.2.0/../../../../arm-none-eabi/lib/thumb/v7e-m+dp/hard/libc_nano.a(lib_a-init.o)
                              /usr/lib/gcc/arm-none-eabi/8.2.0/../../../../arm-none-eabi/lib/thumb/v7e-m+dp/hard/crt0.o (__libc_init_array)
/usr/lib/gcc/arm-none-eabi/8.2.0/../../../../arm-none-eabi/lib/thumb/v7e-m+dp/hard/libc_nano.a(lib_a-memset.o)
                              /usr/lib/gcc/arm-none-eabi/8.2.0/../../../../arm-none-eabi/lib/thumb/v7e-m+dp/hard/crt0.o (memset)
/usr/lib/gcc/arm-none-eabi/8.2.0/../../../../arm-none-eabi/lib/thumb/v7e-m+dp/hard/libc_nano.a(lib_a-__atexit.o)
                              /usr/lib/gcc/arm-none-eabi/8.2.0/../../../../arm-none-eabi/lib/thumb/v7e-m+dp/hard/libc_nano.a(lib_a-atexit.o) (__register_exitproc)
/usr/lib/gcc/arm-none-eabi/8.2.0/../../../../arm-none-eabi/lib/thumb/v7e-m+dp/hard/libc_nano.a(lib_a-__call_atexit.o)
                              /usr/lib/gcc/arm-none-eabi/8.2.0/../../../../arm-none-eabi/lib/thumb/v7e-m+dp/hard/libc_nano.a(lib_a-__atexit.o) (__call_exitprocs)
/usr/lib/gcc/arm-none-eabi/8.2.0/../../../../arm-none-eabi/lib/thumb/v7e-m+dp/hard/libnosys.a(_exit.o)
                              /usr/lib/gcc/arm-none-eabi/8.2.0/../../../../arm-none-eabi/lib/thumb/v7e-m+dp/hard/libc_nano.a(lib_a-exit.o) (_exit)

Allocating common symbols
Common symbol       size              file

hdac1               0x14              build/dac.o
pFlash              0x1c              build/stm32h7xx_hal_flash.o
hadc1               0x64              build/adc.o

Discarded input sections

 .text          0x0000000000000000        0x0 /usr/lib/gcc/arm-none-eabi/8.2.0/thumb/v7e-m+dp/hard/crti.o
 .data          0x0000000000000000        0x0 /usr/lib/gcc/arm-none-eabi/8.2.0/thumb/v7e-m+dp/hard/crti.o
 .bss           0x0000000000000000        0x0 /usr/lib/gcc/arm-none-eabi/8.2.0/thumb/v7e-m+dp/hard/crti.o
 .text          0x0000000000000000        0x0 /usr/lib/gcc/arm-none-eabi/8.2.0/thumb/v7e-m+dp/hard/crtbegin.o
 .data          0x0000000000000000        0x0 /usr/lib/gcc/arm-none-eabi/8.2.0/thumb/v7e-m+dp/hard/crtbegin.o
 .bss           0x0000000000000000        0x0 /usr/lib/gcc/arm-none-eabi/8.2.0/thumb/v7e-m+dp/hard/crtbegin.o
 .data.__dso_handle
                0x0000000000000000        0x4 /usr/lib/gcc/arm-none-eabi/8.2.0/thumb/v7e-m+dp/hard/crtbegin.o
 .text          0x0000000000000000       0x68 /usr/lib/gcc/arm-none-eabi/8.2.0/../../../../arm-none-eabi/lib/thumb/v7e-m+dp/hard/crt0.o
 .data          0x0000000000000000        0x0 /usr/lib/gcc/arm-none-eabi/8.2.0/../../../../arm-none-eabi/lib/thumb/v7e-m+dp/hard/crt0.o
 .bss           0x0000000000000000        0x0 /usr/lib/gcc/arm-none-eabi/8.2.0/../../../../arm-none-eabi/lib/thumb/v7e-m+dp/hard/crt0.o
 .ARM.extab     0x0000000000000000        0x0 /usr/lib/gcc/arm-none-eabi/8.2.0/../../../../arm-none-eabi/lib/thumb/v7e-m+dp/hard/crt0.o
 .ARM.exidx     0x0000000000000000        0x8 /usr/lib/gcc/arm-none-eabi/8.2.0/../../../../arm-none-eabi/lib/thumb/v7e-m+dp/hard/crt0.o
 .ARM.attributes
                0x0000000000000000       0x1c /usr/lib/gcc/arm-none-eabi/8.2.0/../../../../arm-none-eabi/lib/thumb/v7e-m+dp/hard/crt0.o
 .text          0x0000000000000000        0x0 build/main.o
 .data          0x0000000000000000        0x0 build/main.o
 .bss           0x0000000000000000        0x0 build/main.o
 .text          0x0000000000000000        0x0 build/gpio.o
 .data          0x0000000000000000        0x0 build/gpio.o
 .bss           0x0000000000000000        0x0 build/gpio.o
 .text          0x0000000000000000        0x0 build/adc.o
 .data          0x0000000000000000        0x0 build/adc.o
 .bss           0x0000000000000000        0x0 build/adc.o
 .text.HAL_ADC_MspDeInit
                0x0000000000000000       0x34 build/adc.o
 .text          0x0000000000000000        0x0 build/dac.o
 .data          0x0000000000000000        0x0 build/dac.o
[...]
Memory Configuration

Name             Origin             Length             Attributes
DTCMRAM          0x0000000020000000 0x0000000000020000 xrw
RAM_D1           0x0000000024000000 0x0000000000080000 xrw
RAM_D2           0x0000000030000000 0x0000000000048000 xrw
RAM_D3           0x0000000038000000 0x0000000000010000 xrw
ITCMRAM          0x0000000000000000 0x0000000000010000 xrw
FLASH            0x0000000008000000 0x0000000000200000 xr
*default*        0x0000000000000000 0xffffffffffffffff

Linker script and memory map

LOAD /usr/lib/gcc/arm-none-eabi/8.2.0/thumb/v7e-m+dp/hard/crti.o
LOAD /usr/lib/gcc/arm-none-eabi/8.2.0/thumb/v7e-m+dp/hard/crtbegin.o
LOAD /usr/lib/gcc/arm-none-eabi/8.2.0/../../../../arm-none-eabi/lib/thumb/v7e-m+dp/hard/crt0.o
LOAD build/main.o
LOAD build/gpio.o
LOAD build/adc.o
LOAD build/dac.o
LOAD build/stm32h7xx_it.o
LOAD build/stm32h7xx_hal_msp.o
LOAD build/stm32h7xx_hal_adc.o
LOAD build/stm32h7xx_hal_adc_ex.o
LOAD build/stm32h7xx_hal_cortex.o
LOAD build/stm32h7xx_hal_dac.o
LOAD build/stm32h7xx_hal_dac_ex.o
LOAD build/stm32h7xx_hal_tim.o
LOAD build/stm32h7xx_hal_tim_ex.o
LOAD build/stm32h7xx_hal_rcc.o
LOAD build/stm32h7xx_hal_rcc_ex.o
LOAD build/stm32h7xx_hal_flash.o
LOAD build/stm32h7xx_hal_flash_ex.o
LOAD build/stm32h7xx_hal_gpio.o
LOAD build/stm32h7xx_hal_hsem.o
LOAD build/stm32h7xx_hal_dma.o
LOAD build/stm32h7xx_hal_dma_ex.o
LOAD build/stm32h7xx_hal_mdma.o
LOAD build/stm32h7xx_hal_pwr.o
LOAD build/stm32h7xx_hal_pwr_ex.o
LOAD build/stm32h7xx_hal.o
LOAD build/stm32h7xx_hal_i2c.o
LOAD build/stm32h7xx_hal_i2c_ex.o
LOAD build/system_stm32h7xx.o
LOAD build/startup_stm32h743xx.o
LOAD /usr/lib/gcc/arm-none-eabi/8.2.0/../../../../arm-none-eabi/lib/thumb/v7e-m+dp/hard/libc_nano.a
LOAD /usr/lib/gcc/arm-none-eabi/8.2.0/../../../../arm-none-eabi/lib/thumb/v7e-m+dp/hard/libm.a
LOAD /usr/lib/gcc/arm-none-eabi/8.2.0/../../../../arm-none-eabi/lib/thumb/v7e-m+dp/hard/libnosys.a
START GROUP
LOAD /usr/lib/gcc/arm-none-eabi/8.2.0/thumb/v7e-m+dp/hard/libgcc.a
LOAD /usr/lib/gcc/arm-none-eabi/8.2.0/../../../../arm-none-eabi/lib/thumb/v7e-m+dp/hard/libc_nano.a
END GROUP
START GROUP
LOAD /usr/lib/gcc/arm-none-eabi/8.2.0/thumb/v7e-m+dp/hard/libgcc.a
LOAD /usr/lib/gcc/arm-none-eabi/8.2.0/../../../../arm-none-eabi/lib/thumb/v7e-m+dp/hard/libc_nano.a
END GROUP
LOAD /usr/lib/gcc/arm-none-eabi/8.2.0/thumb/v7e-m+dp/hard/crtend.o
LOAD /usr/lib/gcc/arm-none-eabi/8.2.0/thumb/v7e-m+dp/hard/crtn.o
                0x0000000020020000                _estack = 0x20020000
                0x0000000000000200                _Min_Heap_Size = 0x200
                0x0000000000000400                _Min_Stack_Size = 0x400

.isr_vector     0x0000000008000000      0x298
                0x0000000008000000                . = ALIGN (0x4)
 *(.isr_vector)
 .isr_vector    0x0000000008000000      0x298 build/startup_stm32h743xx.o
                0x0000000008000000                g_pfnVectors
                0x0000000008000298                . = ALIGN (0x4)

.text           0x0000000008000298     0x288c
                0x0000000008000298                . = ALIGN (0x4)
 *(.text)
 *(.text*)
 .text.__do_global_dtors_aux
                0x0000000008000298       0x24 /usr/lib/gcc/arm-none-eabi/8.2.0/thumb/v7e-m+dp/hard/crtbegin.o
 .text.frame_dummy
                0x00000000080002bc       0x1c /usr/lib/gcc/arm-none-eabi/8.2.0/thumb/v7e-m+dp/hard/crtbegin.o
 .text._Error_Handler
                0x00000000080002d8        0x2 build/main.o
                0x00000000080002d8                _Error_Handler
 *fill*         0x00000000080002da        0x2 
 .text.SystemClock_Config
                0x00000000080002dc      0x110 build/main.o
                0x00000000080002dc                SystemClock_Config
 .text.main     0x00000000080003ec       0x2c build/main.o
                0x00000000080003ec                main
 .text.MX_GPIO_Init
                0x0000000008000418       0x7c build/gpio.o
                0x0000000008000418                MX_GPIO_Init
 .text.MX_ADC1_Init
                0x0000000008000494       0x94 build/adc.o
                0x0000000008000494                MX_ADC1_Init
 .text.HAL_ADC_MspInit
                0x0000000008000528       0x50 build/adc.o
                0x0000000008000528                HAL_ADC_MspInit
 .text.MX_DAC1_Init
                0x0000000008000578       0x4c build/dac.o
                0x0000000008000578                MX_DAC1_Init
 .text.HAL_DAC_MspInit
                0x00000000080005c4       0x50 build/dac.o
                0x00000000080005c4                HAL_DAC_MspInit
 .text.NMI_Handler
                0x0000000008000614        0x2 build/stm32h7xx_it.o
                0x0000000008000614                NMI_Handler
 .text.HardFault_Handler
                0x0000000008000616        0x2 build/stm32h7xx_it.o
                0x0000000008000616                HardFault_Handler
 .text.MemManage_Handler
                0x0000000008000618        0x2 build/stm32h7xx_it.o
                0x0000000008000618                MemManage_Handler
 .text.BusFault_Handler
                0x000000000800061a        0x2 build/stm32h7xx_it.o
                0x000000000800061a                BusFault_Handler
 .text.UsageFault_Handler
                0x000000000800061c        0x2 build/stm32h7xx_it.o
                0x000000000800061c                UsageFault_Handler
 .text.SVC_Handler
                0x000000000800061e        0x2 build/stm32h7xx_it.o
                0x000000000800061e                SVC_Handler
 .text.DebugMon_Handler
                0x0000000008000620        0x2 build/stm32h7xx_it.o
                0x0000000008000620                DebugMon_Handler
 .text.PendSV_Handler
                0x0000000008000622        0x2 build/stm32h7xx_it.o
                0x0000000008000622                PendSV_Handler
 .text.SysTick_Handler
                0x0000000008000624        0xc build/stm32h7xx_it.o
                0x0000000008000624                SysTick_Handler
 .text.HAL_MspInit
                0x0000000008000630       0x84 build/stm32h7xx_hal_msp.o
                0x0000000008000630                HAL_MspInit
 .text.HAL_ADC_Init
                0x00000000080006b4      0x300 build/stm32h7xx_hal_adc.o
                0x00000000080006b4                HAL_ADC_Init
 .text.HAL_ADC_ConfigChannel
                0x00000000080009b4      0x600 build/stm32h7xx_hal_adc.o
                0x00000000080009b4                HAL_ADC_ConfigChannel
 .text.HAL_ADCEx_MultiModeConfigChannel
                0x0000000008000fb4      0x114 build/stm32h7xx_hal_adc_ex.o
                0x0000000008000fb4                HAL_ADCEx_MultiModeConfigChannel
 .text.HAL_NVIC_SetPriorityGrouping
                0x00000000080010c8       0x24 build/stm32h7xx_hal_cortex.o
                0x00000000080010c8                HAL_NVIC_SetPriorityGrouping
 .text.HAL_NVIC_SetPriority
                0x00000000080010ec       0x64 build/stm32h7xx_hal_cortex.o
                0x00000000080010ec                HAL_NVIC_SetPriority
 .text.HAL_SYSTICK_Config
                0x0000000008001150       0x2c build/stm32h7xx_hal_cortex.o
                0x0000000008001150                HAL_SYSTICK_Config
 .text.HAL_SYSTICK_CLKSourceConfig
                0x000000000800117c       0x20 build/stm32h7xx_hal_cortex.o
                0x000000000800117c                HAL_SYSTICK_CLKSourceConfig
 .text.HAL_SYSTICK_Callback
                0x000000000800119c        0x2 build/stm32h7xx_hal_cortex.o
                0x000000000800119c                HAL_SYSTICK_Callback
 .text.HAL_SYSTICK_IRQHandler
                0x000000000800119e        0x8 build/stm32h7xx_hal_cortex.o
                0x000000000800119e                HAL_SYSTICK_IRQHandler
 .text.HAL_DAC_Init
                0x00000000080011a6       0x24 build/stm32h7xx_hal_dac.o
                0x00000000080011a6                HAL_DAC_Init
 *fill*         0x00000000080011ca        0x2 
 .text.HAL_DAC_ConfigChannel
                0x00000000080011cc      0x110 build/stm32h7xx_hal_dac.o
                0x00000000080011cc                HAL_DAC_ConfigChannel
 .text.HAL_RCC_OscConfig
                0x00000000080012dc      0x58c build/stm32h7xx_hal_rcc.o
                0x00000000080012dc                HAL_RCC_OscConfig
 .text.HAL_RCC_GetSysClockFreq
                0x0000000008001868      0x1cc build/stm32h7xx_hal_rcc.o
                0x0000000008001868                HAL_RCC_GetSysClockFreq
 .text.HAL_RCC_ClockConfig
                0x0000000008001a34      0x1f4 build/stm32h7xx_hal_rcc.o
                0x0000000008001a34                HAL_RCC_ClockConfig
 .text.RCCEx_PLL2_Config
                0x0000000008001c28       0xe8 build/stm32h7xx_hal_rcc_ex.o
 .text.RCCEx_PLL3_Config
                0x0000000008001d10       0xe8 build/stm32h7xx_hal_rcc_ex.o
 .text.HAL_RCCEx_PeriphCLKConfig
                0x0000000008001df8      0x958 build/stm32h7xx_hal_rcc_ex.o
                0x0000000008001df8                HAL_RCCEx_PeriphCLKConfig
 .text.HAL_GPIO_Init
                0x0000000008002750      0x1ec build/stm32h7xx_hal_gpio.o
                0x0000000008002750                HAL_GPIO_Init
 .text.HAL_GPIO_WritePin
                0x000000000800293c        0xa build/stm32h7xx_hal_gpio.o
                0x000000000800293c                HAL_GPIO_WritePin
 .text.HAL_GPIO_TogglePin
                0x0000000008002946        0x8 build/stm32h7xx_hal_gpio.o
                0x0000000008002946                HAL_GPIO_TogglePin
 *fill*         0x000000000800294e        0x2 
 .text.HAL_InitTick
                0x0000000008002950       0x4c build/stm32h7xx_hal.o
                0x0000000008002950                HAL_InitTick
 .text.HAL_Init
                0x000000000800299c       0x1e build/stm32h7xx_hal.o
                0x000000000800299c                HAL_Init
 *fill*         0x00000000080029ba        0x2 
 .text.HAL_IncTick
                0x00000000080029bc       0x18 build/stm32h7xx_hal.o
                0x00000000080029bc                HAL_IncTick
 .text.HAL_GetTick
                0x00000000080029d4        0xc build/stm32h7xx_hal.o
                0x00000000080029d4                HAL_GetTick
 .text.HAL_Delay
                0x00000000080029e0       0x28 build/stm32h7xx_hal.o
                0x00000000080029e0                HAL_Delay
 .text.SystemInit
                0x0000000008002a08       0x68 build/system_stm32h7xx.o
                0x0000000008002a08                SystemInit
 .text.Reset_Handler
                0x0000000008002a70       0x50 build/startup_stm32h743xx.o
                0x0000000008002a70                Reset_Handler
 .text.Default_Handler
                0x0000000008002ac0        0x2 build/startup_stm32h743xx.o
                0x0000000008002ac0                RTC_Alarm_IRQHandler
                0x0000000008002ac0                EXTI2_IRQHandler
                0x0000000008002ac0                TIM8_CC_IRQHandler
                0x0000000008002ac0                HRTIM1_Master_IRQHandler
                0x0000000008002ac0                UART8_IRQHandler
                0x0000000008002ac0                SPI4_IRQHandler
                0x0000000008002ac0                TIM1_CC_IRQHandler
                0x0000000008002ac0                BDMA_Channel6_IRQHandler
                0x0000000008002ac0                DMA2_Stream5_IRQHandler
                0x0000000008002ac0                HRTIM1_FLT_IRQHandler
                0x0000000008002ac0                JPEG_IRQHandler
                0x0000000008002ac0                DMA1_Stream5_IRQHandler
                0x0000000008002ac0                BDMA_Channel1_IRQHandler
                0x0000000008002ac0                HRTIM1_TIMD_IRQHandler
                0x0000000008002ac0                TAMP_STAMP_IRQHandler
                0x0000000008002ac0                EXTI3_IRQHandler
                0x0000000008002ac0                LPTIM4_IRQHandler
                0x0000000008002ac0                TIM8_TRG_COM_TIM14_IRQHandler
                0x0000000008002ac0                LPTIM2_IRQHandler
                0x0000000008002ac0                DFSDM1_FLT1_IRQHandler
                0x0000000008002ac0                DMAMUX2_OVR_IRQHandler
                0x0000000008002ac0                TIM8_UP_TIM13_IRQHandler
                0x0000000008002ac0                I2C3_ER_IRQHandler
                0x0000000008002ac0                DFSDM1_FLT2_IRQHandler
                0x0000000008002ac0                MDMA_IRQHandler
                0x0000000008002ac0                LPTIM3_IRQHandler
                0x0000000008002ac0                HSEM1_IRQHandler
                0x0000000008002ac0                EXTI0_IRQHandler
                0x0000000008002ac0                I2C2_EV_IRQHandler
                0x0000000008002ac0                DMA1_Stream2_IRQHandler
                0x0000000008002ac0                FPU_IRQHandler
                0x0000000008002ac0                OTG_HS_WKUP_IRQHandler
                0x0000000008002ac0                FDCAN1_IT1_IRQHandler
                0x0000000008002ac0                LTDC_ER_IRQHandler
                0x0000000008002ac0                DMA2_Stream2_IRQHandler
                0x0000000008002ac0                HRTIM1_TIME_IRQHandler
                0x0000000008002ac0                SPI1_IRQHandler
                0x0000000008002ac0                TIM6_DAC_IRQHandler
                0x0000000008002ac0                DCMI_IRQHandler
                0x0000000008002ac0                HRTIM1_TIMC_IRQHandler
                0x0000000008002ac0                DMA2_Stream3_IRQHandler
                0x0000000008002ac0                SAI2_IRQHandler
                0x0000000008002ac0                DFSDM1_FLT3_IRQHandler
                0x0000000008002ac0                USART6_IRQHandler
                0x0000000008002ac0                TIM17_IRQHandler
                0x0000000008002ac0                USART3_IRQHandler
                0x0000000008002ac0                BDMA_Channel7_IRQHandler
                0x0000000008002ac0                LPTIM5_IRQHandler
                0x0000000008002ac0                UART5_IRQHandler
                0x0000000008002ac0                ADC3_IRQHandler
                0x0000000008002ac0                DMA2_Stream0_IRQHandler
                0x0000000008002ac0                TIM4_IRQHandler
                0x0000000008002ac0                BDMA_Channel2_IRQHandler
                0x0000000008002ac0                QUADSPI_IRQHandler
                0x0000000008002ac0                I2C1_EV_IRQHandler
                0x0000000008002ac0                DMA1_Stream6_IRQHandler
                0x0000000008002ac0                DMAMUX1_OVR_IRQHandler
                0x0000000008002ac0                DMA1_Stream1_IRQHandler
                0x0000000008002ac0                TIM16_IRQHandler
                0x0000000008002ac0                UART4_IRQHandler
                0x0000000008002ac0                BDMA_Channel5_IRQHandler
                0x0000000008002ac0                TIM3_IRQHandler
                0x0000000008002ac0                RCC_IRQHandler
                0x0000000008002ac0                TIM8_BRK_TIM12_IRQHandler
                0x0000000008002ac0                TIM1_TRG_COM_IRQHandler
                0x0000000008002ac0                Default_Handler
                0x0000000008002ac0                CEC_IRQHandler
                0x0000000008002ac0                EXTI15_10_IRQHandler
                0x0000000008002ac0                BDMA_Channel0_IRQHandler
                0x0000000008002ac0                ADC_IRQHandler
                0x0000000008002ac0                DMA1_Stream7_IRQHandler
                0x0000000008002ac0                HRTIM1_TIMA_IRQHandler
                0x0000000008002ac0                SPI5_IRQHandler
                0x0000000008002ac0                TIM7_IRQHandler
                0x0000000008002ac0                SDMMC1_IRQHandler
                0x0000000008002ac0                TIM5_IRQHandler
                0x0000000008002ac0                DMA2_Stream7_IRQHandler
                0x0000000008002ac0                TIM15_IRQHandler
                0x0000000008002ac0                PVD_AVD_IRQHandler
                0x0000000008002ac0                I2C3_EV_IRQHandler
                0x0000000008002ac0                EXTI9_5_IRQHandler
                0x0000000008002ac0                RTC_WKUP_IRQHandler
                0x0000000008002ac0                LTDC_IRQHandler
                0x0000000008002ac0                SAI3_IRQHandler
                0x0000000008002ac0                ETH_WKUP_IRQHandler
                0x0000000008002ac0                SPDIF_RX_IRQHandler
                0x0000000008002ac0                SPI2_IRQHandler
                0x0000000008002ac0                OTG_HS_EP1_IN_IRQHandler
                0x0000000008002ac0                DMA1_Stream0_IRQHandler
                0x0000000008002ac0                CRS_IRQHandler
                0x0000000008002ac0                EXTI4_IRQHandler
                0x0000000008002ac0                RNG_IRQHandler
                0x0000000008002ac0                HRTIM1_TIMB_IRQHandler
                0x0000000008002ac0                FDCAN2_IT1_IRQHandler
                0x0000000008002ac0                ETH_IRQHandler
                0x0000000008002ac0                TIM1_UP_IRQHandler
                0x0000000008002ac0                BDMA_Channel4_IRQHandler
                0x0000000008002ac0                OTG_HS_EP1_OUT_IRQHandler
                0x0000000008002ac0                WWDG_IRQHandler
                0x0000000008002ac0                SPI6_IRQHandler
                0x0000000008002ac0                MDIOS_IRQHandler
                0x0000000008002ac0                I2C4_EV_IRQHandler
                0x0000000008002ac0                FDCAN2_IT0_IRQHandler
                0x0000000008002ac0                LPUART1_IRQHandler
                0x0000000008002ac0                FDCAN1_IT0_IRQHandler
                0x0000000008002ac0                TIM2_IRQHandler
                0x0000000008002ac0                OTG_FS_WKUP_IRQHandler
                0x0000000008002ac0                OTG_HS_IRQHandler
                0x0000000008002ac0                DMA2D_IRQHandler
                0x0000000008002ac0                TIM1_BRK_IRQHandler
                0x0000000008002ac0                EXTI1_IRQHandler
                0x0000000008002ac0                SDMMC2_IRQHandler
                0x0000000008002ac0                OTG_FS_EP1_OUT_IRQHandler
                0x0000000008002ac0                BDMA_Channel3_IRQHandler
                0x0000000008002ac0                UART7_IRQHandler
                0x0000000008002ac0                MDIOS_WKUP_IRQHandler
                0x0000000008002ac0                USART2_IRQHandler
                0x0000000008002ac0                DFSDM1_FLT0_IRQHandler
                0x0000000008002ac0                SAI4_IRQHandler
                0x0000000008002ac0                I2C2_ER_IRQHandler
                0x0000000008002ac0                DMA2_Stream1_IRQHandler
                0x0000000008002ac0                FLASH_IRQHandler
                0x0000000008002ac0                DMA2_Stream4_IRQHandler
                0x0000000008002ac0                USART1_IRQHandler
                0x0000000008002ac0                OTG_FS_IRQHandler
                0x0000000008002ac0                SPI3_IRQHandler
                0x0000000008002ac0                WAKEUP_PIN_IRQHandler
                0x0000000008002ac0                DMA1_Stream4_IRQHandler
                0x0000000008002ac0                OTG_FS_EP1_IN_IRQHandler
                0x0000000008002ac0                I2C1_ER_IRQHandler
                0x0000000008002ac0                FMC_IRQHandler
                0x0000000008002ac0                FDCAN_CAL_IRQHandler
                0x0000000008002ac0                SWPMI1_IRQHandler
                0x0000000008002ac0                COMP1_IRQHandler
                0x0000000008002ac0                LPTIM1_IRQHandler
                0x0000000008002ac0                I2C4_ER_IRQHandler
                0x0000000008002ac0                DMA2_Stream6_IRQHandler
                0x0000000008002ac0                SAI1_IRQHandler
                0x0000000008002ac0                DMA1_Stream3_IRQHandler
 *fill*         0x0000000008002ac2        0x2 
 .text.__libc_init_array
                0x0000000008002ac4       0x48 /usr/lib/gcc/arm-none-eabi/8.2.0/../../../../arm-none-eabi/lib/thumb/v7e-m+dp/hard/libc_nano.a(lib_a-init.o)
                0x0000000008002ac4                __libc_init_array
 *(.glue_7)
 .glue_7        0x0000000008002b0c        0x0 linker stubs
 *(.glue_7t)
 .glue_7t       0x0000000008002b0c        0x0 linker stubs
 *(.eh_frame)
 .eh_frame      0x0000000008002b0c        0x0 /usr/lib/gcc/arm-none-eabi/8.2.0/thumb/v7e-m+dp/hard/crtbegin.o
 *(.init)
 .init          0x0000000008002b0c        0x4 /usr/lib/gcc/arm-none-eabi/8.2.0/thumb/v7e-m+dp/hard/crti.o
                0x0000000008002b0c                _init
 .init          0x0000000008002b10        0x8 /usr/lib/gcc/arm-none-eabi/8.2.0/thumb/v7e-m+dp/hard/crtn.o
 *(.fini)
 .fini          0x0000000008002b18        0x4 /usr/lib/gcc/arm-none-eabi/8.2.0/thumb/v7e-m+dp/hard/crti.o
                0x0000000008002b18                _fini
 .fini          0x0000000008002b1c        0x8 /usr/lib/gcc/arm-none-eabi/8.2.0/thumb/v7e-m+dp/hard/crtn.o
                0x0000000008002b24                . = ALIGN (0x4)
                0x0000000008002b24                _etext = .

.vfp11_veneer   0x0000000008002b24        0x0
 .vfp11_veneer  0x0000000008002b24        0x0 linker stubs

.v4_bx          0x0000000008002b24        0x0
 .v4_bx         0x0000000008002b24        0x0 linker stubs

.iplt           0x0000000008002b24        0x0
 .iplt          0x0000000008002b24        0x0 /usr/lib/gcc/arm-none-eabi/8.2.0/thumb/v7e-m+dp/hard/crtbegin.o

.rodata         0x0000000008002b24       0x34
                0x0000000008002b24                . = ALIGN (0x4)
 *(.rodata)
 *(.rodata*)
 .rodata.SystemClock_Config.str1.4
                0x0000000008002b24        0xb build/main.o
 *fill*         0x0000000008002b2f        0x1 
 .rodata.MX_ADC1_Init.str1.4
                0x0000000008002b30        0xa build/adc.o
 *fill*         0x0000000008002b3a        0x2 
 .rodata.MX_DAC1_Init.str1.4
                0x0000000008002b3c        0xc build/dac.o
                                          0xa (size before relaxing)
 .rodata.D1CorePrescTable
                0x0000000008002b48       0x10 build/system_stm32h7xx.o
                0x0000000008002b48                D1CorePrescTable
                0x0000000008002b58                . = ALIGN (0x4)

.rel.dyn        0x0000000008002b58        0x0
 .rel.iplt      0x0000000008002b58        0x0 /usr/lib/gcc/arm-none-eabi/8.2.0/thumb/v7e-m+dp/hard/crtbegin.o

.ARM.extab
 *(.ARM.extab* .gnu.linkonce.armextab.*)

.ARM            0x0000000008002b58        0x0
                0x0000000008002b58                __exidx_start = .
 *(.ARM.exidx*)
                0x0000000008002b58                __exidx_end = .

.preinit_array  0x0000000008002b58        0x0
                0x0000000008002b58                PROVIDE (__preinit_array_start = .)
 *(.preinit_array*)
                0x0000000008002b58                PROVIDE (__preinit_array_end = .)

.init_array     0x0000000008002b58        0x4
                0x0000000008002b58                PROVIDE (__init_array_start = .)
 *(SORT_BY_NAME(.init_array.*))
 *(.init_array*)
 .init_array    0x0000000008002b58        0x4 /usr/lib/gcc/arm-none-eabi/8.2.0/thumb/v7e-m+dp/hard/crtbegin.o
                0x0000000008002b5c                PROVIDE (__init_array_end = .)

.fini_array     0x0000000008002b5c        0x4
                0x0000000008002b5c                PROVIDE (__fini_array_start = .)
 *(SORT_BY_NAME(.fini_array.*))
 *(.fini_array*)
 .fini_array    0x0000000008002b5c        0x4 /usr/lib/gcc/arm-none-eabi/8.2.0/thumb/v7e-m+dp/hard/crtbegin.o
                0x0000000008002b60                PROVIDE (__fini_array_end = .)
                0x0000000008002b60                _sidata = LOADADDR (.data)

.data           0x0000000020000000        0xc load address 0x0000000008002b60
                0x0000000020000000                . = ALIGN (0x4)
                0x0000000020000000                _sdata = .
 *(.data)
 *(.data*)
 .data.uwTickFreq
                0x0000000020000000        0x1 build/stm32h7xx_hal.o
 *fill*         0x0000000020000001        0x3 
 .data.uwTickPrio
                0x0000000020000004        0x4 build/stm32h7xx_hal.o
 .data.SystemCoreClock
                0x0000000020000008        0x4 build/system_stm32h7xx.o
                0x0000000020000008                SystemCoreClock
                0x000000002000000c                . = ALIGN (0x4)
                0x000000002000000c                _edata = .

.igot.plt       0x000000002000000c        0x0 load address 0x0000000008002b6c
 .igot.plt      0x000000002000000c        0x0 /usr/lib/gcc/arm-none-eabi/8.2.0/thumb/v7e-m+dp/hard/crtbegin.o
                0x000000002000000c                . = ALIGN (0x4)

.bss            0x000000002000000c       0x98 load address 0x0000000008002b6c
                0x000000002000000c                _sbss = .
                0x000000002000000c                __bss_start__ = _sbss
 *(.bss)
 *(.bss*)
 .bss.completed.10163
                0x000000002000000c        0x1 /usr/lib/gcc/arm-none-eabi/8.2.0/thumb/v7e-m+dp/hard/crtbegin.o
 *fill*         0x000000002000000d        0x3 
 .bss.object.10168
                0x0000000020000010       0x18 /usr/lib/gcc/arm-none-eabi/8.2.0/thumb/v7e-m+dp/hard/crtbegin.o
 .bss.uwTick    0x0000000020000028        0x4 build/stm32h7xx_hal.o
 *(COMMON)
 COMMON         0x000000002000002c       0x64 build/adc.o
                0x000000002000002c                hadc1
 COMMON         0x0000000020000090       0x14 build/dac.o
                0x0000000020000090                hdac1
                0x00000000200000a4                . = ALIGN (0x4)
                0x00000000200000a4                _ebss = .
                0x00000000200000a4                __bss_end__ = _ebss

._user_heap_stack
                0x00000000200000a4      0x604 load address 0x0000000008002b6c
                0x00000000200000a8                . = ALIGN (0x8)
 *fill*         0x00000000200000a4        0x4 
                [!provide]                        PROVIDE (end = .)
                [!provide]                        PROVIDE (_end = .)
                0x00000000200002a8                . = (. + _Min_Heap_Size)
 *fill*         0x00000000200000a8      0x200 
                0x00000000200006a8                . = (. + _Min_Stack_Size)
 *fill*         0x00000000200002a8      0x400 
                0x00000000200006a8                . = ALIGN (0x8)

/DISCARD/
 libc.a(*)
 libm.a(*)
 libgcc.a(*)

.ARM.attributes
                0x0000000000000000       0x2e
 *(.ARM.attributes)
 .ARM.attributes
                0x0000000000000000       0x1e /usr/lib/gcc/arm-none-eabi/8.2.0/thumb/v7e-m+dp/hard/crti.o
 .ARM.attributes
                0x000000000000001e       0x32 /usr/lib/gcc/arm-none-eabi/8.2.0/thumb/v7e-m+dp/hard/crtbegin.o
 .ARM.attributes
                0x0000000000000050       0x32 build/main.o
 .ARM.attributes
                0x0000000000000082       0x32 build/gpio.o
 .ARM.attributes
                0x00000000000000b4       0x32 build/adc.o
 .ARM.attributes
                0x00000000000000e6       0x32 build/dac.o
 .ARM.attributes
                0x0000000000000118       0x32 build/stm32h7xx_it.o
 .ARM.attributes
                0x000000000000014a       0x32 build/stm32h7xx_hal_msp.o
 .ARM.attributes
                0x000000000000017c       0x32 build/stm32h7xx_hal_adc.o
 .ARM.attributes
                0x00000000000001ae       0x32 build/stm32h7xx_hal_adc_ex.o
 .ARM.attributes
                0x00000000000001e0       0x32 build/stm32h7xx_hal_cortex.o
 .ARM.attributes
                0x0000000000000212       0x32 build/stm32h7xx_hal_dac.o
 .ARM.attributes
                0x0000000000000244       0x32 build/stm32h7xx_hal_rcc.o
 .ARM.attributes
                0x0000000000000276       0x32 build/stm32h7xx_hal_rcc_ex.o
 .ARM.attributes
                0x00000000000002a8       0x32 build/stm32h7xx_hal_gpio.o
 .ARM.attributes
                0x00000000000002da       0x32 build/stm32h7xx_hal.o
 .ARM.attributes
                0x000000000000030c       0x32 build/system_stm32h7xx.o
 .ARM.attributes
                0x000000000000033e       0x21 build/startup_stm32h743xx.o
 .ARM.attributes
                0x000000000000035f       0x32 /usr/lib/gcc/arm-none-eabi/8.2.0/../../../../arm-none-eabi/lib/thumb/v7e-m+dp/hard/libc_nano.a(lib_a-init.o)
 .ARM.attributes
                0x0000000000000391       0x1e /usr/lib/gcc/arm-none-eabi/8.2.0/thumb/v7e-m+dp/hard/crtn.o
OUTPUT(build/devember2k18.elf elf32-littlearm)

.debug_info     0x0000000000000000    0x1a99b
 .debug_info    0x0000000000000000     0x26b2 build/main.o
 .debug_info    0x00000000000026b2     0x1134 build/gpio.o
 .debug_info    0x00000000000037e6     0x1bd1 build/adc.o
 .debug_info    0x00000000000053b7     0x1865 build/dac.o
 .debug_info    0x0000000000006c1c      0xb89 build/stm32h7xx_it.o
 .debug_info    0x00000000000077a5     0x13b4 build/stm32h7xx_hal_msp.o
 .debug_info    0x0000000000008b59     0x28d6 build/stm32h7xx_hal_adc.o
 .debug_info    0x000000000000b42f     0x27d2 build/stm32h7xx_hal_adc_ex.o
 .debug_info    0x000000000000dc01     0x1ee6 build/stm32h7xx_hal_cortex.o
 .debug_info    0x000000000000fae7     0x182c build/stm32h7xx_hal_dac.o
 .debug_info    0x0000000000011313     0x2051 build/stm32h7xx_hal_rcc.o
 .debug_info    0x0000000000013364     0x27a8 build/stm32h7xx_hal_rcc_ex.o
 .debug_info    0x0000000000015b0c     0x181d build/stm32h7xx_hal_gpio.o
 .debug_info    0x0000000000017329     0x21e1 build/stm32h7xx_hal.o
 .debug_info    0x000000000001950a     0x146f build/system_stm32h7xx.o
 .debug_info    0x000000000001a979       0x22 build/startup_stm32h743xx.o

.debug_abbrev   0x0000000000000000     0x2e1a
 .debug_abbrev  0x0000000000000000      0x2be build/main.o
 .debug_abbrev  0x00000000000002be      0x248 build/gpio.o
 .debug_abbrev  0x0000000000000506      0x27f build/adc.o
 .debug_abbrev  0x0000000000000785      0x27f build/dac.o
 .debug_abbrev  0x0000000000000a04      0x1f1 build/stm32h7xx_it.o
 .debug_abbrev  0x0000000000000bf5      0x251 build/stm32h7xx_hal_msp.o
 .debug_abbrev  0x0000000000000e46      0x366 build/stm32h7xx_hal_adc.o
 .debug_abbrev  0x00000000000011ac      0x3e9 build/stm32h7xx_hal_adc_ex.o
 .debug_abbrev  0x0000000000001595      0x47e build/stm32h7xx_hal_cortex.o
 .debug_abbrev  0x0000000000001a13      0x301 build/stm32h7xx_hal_dac.o
 .debug_abbrev  0x0000000000001d14      0x399 build/stm32h7xx_hal_rcc.o
 .debug_abbrev  0x00000000000020ad      0x3e7 build/stm32h7xx_hal_rcc_ex.o
 .debug_abbrev  0x0000000000002494      0x32a build/stm32h7xx_hal_gpio.o
 .debug_abbrev  0x00000000000027be      0x3b9 build/stm32h7xx_hal.o
 .debug_abbrev  0x0000000000002b77      0x291 build/system_stm32h7xx.o
 .debug_abbrev  0x0000000000002e08       0x12 build/startup_stm32h743xx.o

.debug_loc      0x0000000000000000     0x8697
 .debug_loc     0x0000000000000000       0x90 build/main.o
 .debug_loc     0x0000000000000090       0x38 build/gpio.o
 .debug_loc     0x00000000000000c8      0x103 build/adc.o
 .debug_loc     0x00000000000001cb      0x103 build/dac.o
 .debug_loc     0x00000000000002ce       0x20 build/stm32h7xx_it.o
 .debug_loc     0x00000000000002ee       0x38 build/stm32h7xx_hal_msp.o
 .debug_loc     0x0000000000000326     0x1b05 build/stm32h7xx_hal_adc.o
 .debug_loc     0x0000000000001e2b     0x1b95 build/stm32h7xx_hal_adc_ex.o
 .debug_loc     0x00000000000039c0      0x772 build/stm32h7xx_hal_cortex.o
 .debug_loc     0x0000000000004132      0xb32 build/stm32h7xx_hal_dac.o
 .debug_loc     0x0000000000004c64      0xbf8 build/stm32h7xx_hal_rcc.o
 .debug_loc     0x000000000000585c     0x1f10 build/stm32h7xx_hal_rcc_ex.o
 .debug_loc     0x000000000000776c      0x5a6 build/stm32h7xx_hal_gpio.o
 .debug_loc     0x0000000000007d12      0x6a3 build/stm32h7xx_hal.o
 .debug_loc     0x00000000000083b5      0x2e2 build/system_stm32h7xx.o

.debug_aranges  0x0000000000000000      0x840
 .debug_aranges
                0x0000000000000000       0x30 build/main.o
 .debug_aranges
                0x0000000000000030       0x20 build/gpio.o
 .debug_aranges
                0x0000000000000050       0x30 build/adc.o
 .debug_aranges
                0x0000000000000080       0x30 build/dac.o
 .debug_aranges
                0x00000000000000b0       0x60 build/stm32h7xx_it.o
 .debug_aranges
                0x0000000000000110       0x20 build/stm32h7xx_hal_msp.o
 .debug_aranges
                0x0000000000000130       0xf8 build/stm32h7xx_hal_adc.o
 .debug_aranges
                0x0000000000000228      0x100 build/stm32h7xx_hal_adc_ex.o
 .debug_aranges
                0x0000000000000328       0xb0 build/stm32h7xx_hal_cortex.o
 .debug_aranges
                0x00000000000003d8       0xc0 build/stm32h7xx_hal_dac.o
 .debug_aranges
                0x0000000000000498       0x80 build/stm32h7xx_hal_rcc.o
 .debug_aranges
                0x0000000000000518       0xe0 build/stm32h7xx_hal_rcc_ex.o
 .debug_aranges
                0x00000000000005f8       0x58 build/stm32h7xx_hal_gpio.o
 .debug_aranges
                0x0000000000000650      0x1a0 build/stm32h7xx_hal.o
 .debug_aranges
                0x00000000000007f0       0x28 build/system_stm32h7xx.o
 .debug_aranges
                0x0000000000000818       0x28 build/startup_stm32h743xx.o

.debug_ranges   0x0000000000000000      0x790
 .debug_ranges  0x0000000000000000       0x20 build/main.o
 .debug_ranges  0x0000000000000020       0x10 build/gpio.o
 .debug_ranges  0x0000000000000030       0x20 build/adc.o
 .debug_ranges  0x0000000000000050       0x20 build/dac.o
 .debug_ranges  0x0000000000000070       0x50 build/stm32h7xx_it.o
 .debug_ranges  0x00000000000000c0       0x10 build/stm32h7xx_hal_msp.o
 .debug_ranges  0x00000000000000d0       0xe8 build/stm32h7xx_hal_adc.o
 .debug_ranges  0x00000000000001b8       0xf0 build/stm32h7xx_hal_adc_ex.o
 .debug_ranges  0x00000000000002a8       0xe8 build/stm32h7xx_hal_cortex.o
 .debug_ranges  0x0000000000000390       0xb0 build/stm32h7xx_hal_dac.o
 .debug_ranges  0x0000000000000440       0x70 build/stm32h7xx_hal_rcc.o
 .debug_ranges  0x00000000000004b0       0xd0 build/stm32h7xx_hal_rcc_ex.o
 .debug_ranges  0x0000000000000580       0x48 build/stm32h7xx_hal_gpio.o
 .debug_ranges  0x00000000000005c8      0x190 build/stm32h7xx_hal.o
 .debug_ranges  0x0000000000000758       0x18 build/system_stm32h7xx.o
 .debug_ranges  0x0000000000000770       0x20 build/startup_stm32h743xx.o

.debug_line     0x0000000000000000     0x90d9
 .debug_line    0x0000000000000000      0x43f build/main.o
 .debug_line    0x000000000000043f      0x1db build/gpio.o
 .debug_line    0x000000000000061a      0x388 build/adc.o
 .debug_line    0x00000000000009a2      0x2c2 build/dac.o
 .debug_line    0x0000000000000c64      0x27b build/stm32h7xx_it.o
 .debug_line    0x0000000000000edf      0x1c5 build/stm32h7xx_hal_msp.o
 .debug_line    0x00000000000010a4     0x1a58 build/stm32h7xx_hal_adc.o
 .debug_line    0x0000000000002afc     0x1708 build/stm32h7xx_hal_adc_ex.o
 .debug_line    0x0000000000004204      0x796 build/stm32h7xx_hal_cortex.o
 .debug_line    0x000000000000499a      0x93f build/stm32h7xx_hal_dac.o
 .debug_line    0x00000000000052d9     0x1034 build/stm32h7xx_hal_rcc.o
 .debug_line    0x000000000000630d     0x1a54 build/stm32h7xx_hal_rcc_ex.o
 .debug_line    0x0000000000007d61      0x6d2 build/stm32h7xx_hal_gpio.o
 .debug_line    0x0000000000008433      0x895 build/stm32h7xx_hal.o
 .debug_line    0x0000000000008cc8      0x39d build/system_stm32h7xx.o
 .debug_line    0x0000000000009065       0x74 build/startup_stm32h743xx.o

.debug_str      0x0000000000000000     0x41a2
 .debug_str     0x0000000000000000     0x1bfd build/main.o
                                       0x1d2e (size before relaxing)
 .debug_str     0x0000000000001bfd       0x7d build/gpio.o
                                        0x8ae (size before relaxing)
 .debug_str     0x0000000000001c7a       0xe6 build/adc.o
                                        0xf99 (size before relaxing)
 .debug_str     0x0000000000001d60      0x13f build/dac.o
                                        0xe2e (size before relaxing)
 .debug_str     0x0000000000001e9f       0xc6 build/stm32h7xx_it.o
                                        0x670 (size before relaxing)
 .debug_str     0x0000000000001f65       0x41 build/stm32h7xx_hal_msp.o
                                       0x103c (size before relaxing)
 .debug_str     0x0000000000001fa6      0x4e5 build/stm32h7xx_hal_adc.o
                                       0x11a3 (size before relaxing)
 .debug_str     0x000000000000248b      0x53a build/stm32h7xx_hal_adc_ex.o
                                       0x1347 (size before relaxing)
 .debug_str     0x00000000000029c5      0x538 build/stm32h7xx_hal_cortex.o
                                       0x1429 (size before relaxing)
 .debug_str     0x0000000000002efd      0x1bd build/stm32h7xx_hal_dac.o
                                        0xd7a (size before relaxing)
 .debug_str     0x00000000000030ba      0x2d2 build/stm32h7xx_hal_rcc.o
                                        0xd8e (size before relaxing)
 .debug_str     0x000000000000338c      0x55f build/stm32h7xx_hal_rcc_ex.o
                                       0x11b2 (size before relaxing)
 .debug_str     0x00000000000038eb      0x1e5 build/stm32h7xx_hal_gpio.o
                                        0xae8 (size before relaxing)
 .debug_str     0x0000000000003ad0      0x676 build/stm32h7xx_hal.o
                                       0x189e (size before relaxing)
 .debug_str     0x0000000000004146       0x38 build/system_stm32h7xx.o
                                        0x95b (size before relaxing)
 .debug_str     0x000000000000417e       0x24 build/startup_stm32h743xx.o
                                         0x55 (size before relaxing)

.comment        0x0000000000000000       0x1d
 .comment       0x0000000000000000       0x1d build/main.o
                                         0x1e (size before relaxing)
 .comment       0x000000000000001d       0x1e build/gpio.o
 .comment       0x000000000000001d       0x1e build/adc.o
 .comment       0x000000000000001d       0x1e build/dac.o
 .comment       0x000000000000001d       0x1e build/stm32h7xx_it.o
 .comment       0x000000000000001d       0x1e build/stm32h7xx_hal_msp.o
 .comment       0x000000000000001d       0x1e build/stm32h7xx_hal_adc.o
 .comment       0x000000000000001d       0x1e build/stm32h7xx_hal_adc_ex.o
 .comment       0x000000000000001d       0x1e build/stm32h7xx_hal_cortex.o
 .comment       0x000000000000001d       0x1e build/stm32h7xx_hal_dac.o
 .comment       0x000000000000001d       0x1e build/stm32h7xx_hal_rcc.o
 .comment       0x000000000000001d       0x1e build/stm32h7xx_hal_rcc_ex.o
 .comment       0x000000000000001d       0x1e build/stm32h7xx_hal_gpio.o
 .comment       0x000000000000001d       0x1e build/stm32h7xx_hal.o
 .comment       0x000000000000001d       0x1e build/system_stm32h7xx.o

.debug_frame    0x0000000000000000     0x1658
 .debug_frame   0x0000000000000000       0x60 build/main.o
 .debug_frame   0x0000000000000060       0x30 build/gpio.o
 .debug_frame   0x0000000000000090       0x68 build/adc.o
 .debug_frame   0x00000000000000f8       0x68 build/dac.o
 .debug_frame   0x0000000000000160       0xac build/stm32h7xx_it.o
 .debug_frame   0x000000000000020c       0x2c build/stm32h7xx_hal_msp.o
 .debug_frame   0x0000000000000238      0x360 build/stm32h7xx_hal_adc.o
 .debug_frame   0x0000000000000598      0x38c build/stm32h7xx_hal_adc_ex.o
 .debug_frame   0x0000000000000924      0x17c build/stm32h7xx_hal_cortex.o
 .debug_frame   0x0000000000000aa0      0x224 build/stm32h7xx_hal_dac.o
 .debug_frame   0x0000000000000cc4      0x18c build/stm32h7xx_hal_rcc.o
 .debug_frame   0x0000000000000e50      0x2c4 build/stm32h7xx_hal_rcc_ex.o
 .debug_frame   0x0000000000001114       0xec build/stm32h7xx_hal_gpio.o
 .debug_frame   0x0000000000001200      0x3d4 build/stm32h7xx_hal.o
 .debug_frame   0x00000000000015d4       0x58 build/system_stm32h7xx.o
 .debug_frame   0x000000000000162c       0x2c /usr/lib/gcc/arm-none-eabi/8.2.0/../../../../arm-none-eabi/lib/thumb/v7e-m+dp/hard/libc_nano.a(lib_a-init.o)

Cross Reference Table

Symbol                                            File
ADC3_IRQHandler                                   build/startup_stm32h743xx.o
ADC_ConversionStop                                build/stm32h7xx_hal_adc.o
                                                  build/stm32h7xx_hal_adc_ex.o
ADC_DMAConvCplt                                   build/stm32h7xx_hal_adc.o
                                                  build/stm32h7xx_hal_adc_ex.o
ADC_DMAError                                      build/stm32h7xx_hal_adc.o
                                                  build/stm32h7xx_hal_adc_ex.o
ADC_DMAHalfConvCplt                               build/stm32h7xx_hal_adc.o
                                                  build/stm32h7xx_hal_adc_ex.o
ADC_Disable                                       build/stm32h7xx_hal_adc.o
                                                  build/stm32h7xx_hal_adc_ex.o
ADC_Enable                                        build/stm32h7xx_hal_adc.o
                                                  build/stm32h7xx_hal_adc_ex.o
ADC_IRQHandler                                    build/startup_stm32h743xx.o
BDMA_Channel0_IRQHandler                          build/startup_stm32h743xx.o
BDMA_Channel1_IRQHandler                          build/startup_stm32h743xx.o
BDMA_Channel2_IRQHandler                          build/startup_stm32h743xx.o
BDMA_Channel3_IRQHandler                          build/startup_stm32h743xx.o
BDMA_Channel4_IRQHandler                          build/startup_stm32h743xx.o
BDMA_Channel5_IRQHandler                          build/startup_stm32h743xx.o
BDMA_Channel6_IRQHandler                          build/startup_stm32h743xx.o
BDMA_Channel7_IRQHandler                          build/startup_stm32h743xx.o
BusFault_Handler                                  build/stm32h7xx_it.o
CEC_IRQHandler                                    build/startup_stm32h743xx.o
COMP1_IRQHandler                                  build/startup_stm32h743xx.o
CRS_IRQHandler                                    build/startup_stm32h743xx.o
D1CorePrescTable                                  build/system_stm32h7xx.o
                                                  build/stm32h7xx_hal_rcc_ex.o
                                                  build/stm32h7xx_hal_rcc.o
DAC_DMAConvCpltCh2                                build/stm32h7xx_hal_dac_ex.o
                                                  build/stm32h7xx_hal_dac.o
DAC_DMAErrorCh2                                   build/stm32h7xx_hal_dac_ex.o
                                                  build/stm32h7xx_hal_dac.o
DAC_DMAHalfConvCpltCh2                            build/stm32h7xx_hal_dac_ex.o
                                                  build/stm32h7xx_hal_dac.o
DCMI_IRQHandler                                   build/startup_stm32h743xx.o
DFSDM1_FLT0_IRQHandler                            build/startup_stm32h743xx.o
DFSDM1_FLT1_IRQHandler                            build/startup_stm32h743xx.o
DFSDM1_FLT2_IRQHandler                            build/startup_stm32h743xx.o
DFSDM1_FLT3_IRQHandler                            build/startup_stm32h743xx.o
DMA1_Stream0_IRQHandler                           build/startup_stm32h743xx.o
DMA1_Stream1_IRQHandler                           build/startup_stm32h743xx.o
DMA1_Stream2_IRQHandler                           build/startup_stm32h743xx.o
DMA1_Stream3_IRQHandler                           build/startup_stm32h743xx.o
DMA1_Stream4_IRQHandler                           build/startup_stm32h743xx.o
DMA1_Stream5_IRQHandler                           build/startup_stm32h743xx.o
DMA1_Stream6_IRQHandler                           build/startup_stm32h743xx.o
DMA1_Stream7_IRQHandler                           build/startup_stm32h743xx.o
DMA2D_IRQHandler                                  build/startup_stm32h743xx.o
DMA2_Stream0_IRQHandler                           build/startup_stm32h743xx.o
DMA2_Stream1_IRQHandler                           build/startup_stm32h743xx.o
DMA2_Stream2_IRQHandler                           build/startup_stm32h743xx.o
DMA2_Stream3_IRQHandler                           build/startup_stm32h743xx.o
DMA2_Stream4_IRQHandler                           build/startup_stm32h743xx.o
DMA2_Stream5_IRQHandler                           build/startup_stm32h743xx.o
DMA2_Stream6_IRQHandler                           build/startup_stm32h743xx.o
DMA2_Stream7_IRQHandler                           build/startup_stm32h743xx.o
DMAMUX1_OVR_IRQHandler                            build/startup_stm32h743xx.o
DMAMUX2_OVR_IRQHandler                            build/startup_stm32h743xx.o
DebugMon_Handler                                  build/stm32h7xx_it.o
Default_Handler                                   build/startup_stm32h743xx.o
ETH_IRQHandler                                    build/startup_stm32h743xx.o
ETH_WKUP_IRQHandler                               build/startup_stm32h743xx.o
EXTI0_IRQHandler                                  build/startup_stm32h743xx.o
EXTI15_10_IRQHandler                              build/startup_stm32h743xx.o
EXTI1_IRQHandler                                  build/startup_stm32h743xx.o
EXTI2_IRQHandler                                  build/startup_stm32h743xx.o
EXTI3_IRQHandler                                  build/startup_stm32h743xx.o
EXTI4_IRQHandler                                  build/startup_stm32h743xx.o
EXTI9_5_IRQHandler                                build/startup_stm32h743xx.o
FDCAN1_IT0_IRQHandler                             build/startup_stm32h743xx.o
FDCAN1_IT1_IRQHandler                             build/startup_stm32h743xx.o
FDCAN2_IT0_IRQHandler                             build/startup_stm32h743xx.o
FDCAN2_IT1_IRQHandler                             build/startup_stm32h743xx.o
FDCAN_CAL_IRQHandler                              build/startup_stm32h743xx.o
FLASH_Erase_Sector                                build/stm32h7xx_hal_flash_ex.o
                                                  build/stm32h7xx_hal_flash.o
FLASH_IRQHandler                                  build/startup_stm32h743xx.o
FLASH_OB_WaitForLastOperation                     build/stm32h7xx_hal_flash.o
                                                  build/stm32h7xx_hal_flash_ex.o
FLASH_WaitForLastOperation                        build/stm32h7xx_hal_flash.o
                                                  build/stm32h7xx_hal_flash_ex.o
FMC_IRQHandler                                    build/startup_stm32h743xx.o
FPU_IRQHandler                                    build/startup_stm32h743xx.o
HAL_ADCEx_Calibration_GetValue                    build/stm32h7xx_hal_adc_ex.o
HAL_ADCEx_Calibration_SetValue                    build/stm32h7xx_hal_adc_ex.o
HAL_ADCEx_Calibration_Start                       build/stm32h7xx_hal_adc_ex.o
HAL_ADCEx_DisableInjectedQueue                    build/stm32h7xx_hal_adc_ex.o
HAL_ADCEx_DisableVoltageRegulator                 build/stm32h7xx_hal_adc_ex.o
HAL_ADCEx_EnableInjectedQueue                     build/stm32h7xx_hal_adc_ex.o
HAL_ADCEx_EndOfSamplingCallback                   build/stm32h7xx_hal_adc_ex.o
                                                  build/stm32h7xx_hal_adc.o
HAL_ADCEx_EnterADCDeepPowerDownMode               build/stm32h7xx_hal_adc_ex.o
HAL_ADCEx_InjectedConfigChannel                   build/stm32h7xx_hal_adc_ex.o
HAL_ADCEx_InjectedConvCpltCallback                build/stm32h7xx_hal_adc_ex.o
                                                  build/stm32h7xx_hal_adc.o
HAL_ADCEx_InjectedGetValue                        build/stm32h7xx_hal_adc_ex.o
HAL_ADCEx_InjectedPollForConversion               build/stm32h7xx_hal_adc_ex.o
HAL_ADCEx_InjectedQueueOverflowCallback           build/stm32h7xx_hal_adc_ex.o
                                                  build/stm32h7xx_hal_adc.o
HAL_ADCEx_InjectedStart                           build/stm32h7xx_hal_adc_ex.o
HAL_ADCEx_InjectedStart_IT                        build/stm32h7xx_hal_adc_ex.o
HAL_ADCEx_InjectedStop                            build/stm32h7xx_hal_adc_ex.o
HAL_ADCEx_InjectedStop_IT                         build/stm32h7xx_hal_adc_ex.o
HAL_ADCEx_LevelOutOfWindow2Callback               build/stm32h7xx_hal_adc_ex.o
                                                  build/stm32h7xx_hal_adc.o
HAL_ADCEx_LevelOutOfWindow3Callback               build/stm32h7xx_hal_adc_ex.o
                                                  build/stm32h7xx_hal_adc.o
HAL_ADCEx_LinearCalibration_GetValue              build/stm32h7xx_hal_adc_ex.o
HAL_ADCEx_LinearCalibration_SetValue              build/stm32h7xx_hal_adc_ex.o
HAL_ADCEx_MultiModeConfigChannel                  build/stm32h7xx_hal_adc_ex.o
                                                  build/adc.o
HAL_ADCEx_MultiModeGetValue                       build/stm32h7xx_hal_adc_ex.o
HAL_ADCEx_MultiModeStart_DMA                      build/stm32h7xx_hal_adc_ex.o
HAL_ADCEx_MultiModeStop_DMA                       build/stm32h7xx_hal_adc_ex.o
HAL_ADCEx_RegularMultiModeStop_DMA                build/stm32h7xx_hal_adc_ex.o
HAL_ADCEx_RegularStop                             build/stm32h7xx_hal_adc_ex.o
HAL_ADCEx_RegularStop_DMA                         build/stm32h7xx_hal_adc_ex.o
HAL_ADCEx_RegularStop_IT                          build/stm32h7xx_hal_adc_ex.o
HAL_ADC_AnalogWDGConfig                           build/stm32h7xx_hal_adc.o
HAL_ADC_ConfigChannel                             build/stm32h7xx_hal_adc.o
                                                  build/adc.o
HAL_ADC_ConvCpltCallback                          build/stm32h7xx_hal_adc.o
HAL_ADC_ConvHalfCpltCallback                      build/stm32h7xx_hal_adc.o
HAL_ADC_DeInit                                    build/stm32h7xx_hal_adc.o
HAL_ADC_ErrorCallback                             build/stm32h7xx_hal_adc.o
HAL_ADC_GetError                                  build/stm32h7xx_hal_adc.o
HAL_ADC_GetState                                  build/stm32h7xx_hal_adc.o
HAL_ADC_GetValue                                  build/stm32h7xx_hal_adc.o
HAL_ADC_IRQHandler                                build/stm32h7xx_hal_adc.o
HAL_ADC_Init                                      build/stm32h7xx_hal_adc.o
                                                  build/adc.o
HAL_ADC_LevelOutOfWindowCallback                  build/stm32h7xx_hal_adc.o
HAL_ADC_MspDeInit                                 build/adc.o
HAL_ADC_MspInit                                   build/adc.o
HAL_ADC_PollForConversion                         build/stm32h7xx_hal_adc.o
HAL_ADC_PollForEvent                              build/stm32h7xx_hal_adc.o
HAL_ADC_Start                                     build/stm32h7xx_hal_adc.o
HAL_ADC_Start_DMA                                 build/stm32h7xx_hal_adc.o
HAL_ADC_Start_IT                                  build/stm32h7xx_hal_adc.o
HAL_ADC_Stop                                      build/stm32h7xx_hal_adc.o
HAL_ADC_Stop_DMA                                  build/stm32h7xx_hal_adc.o
HAL_ADC_Stop_IT                                   build/stm32h7xx_hal_adc.o
HAL_DACEx_ConvCpltCallbackCh2                     build/stm32h7xx_hal_dac_ex.o
HAL_DACEx_ConvHalfCpltCallbackCh2                 build/stm32h7xx_hal_dac_ex.o
HAL_DACEx_DMAUnderrunCallbackCh2                  build/stm32h7xx_hal_dac_ex.o
                                                  build/stm32h7xx_hal_dac.o
HAL_DACEx_DualGetValue                            build/stm32h7xx_hal_dac_ex.o
HAL_DACEx_DualSetValue                            build/stm32h7xx_hal_dac_ex.o
HAL_DACEx_ErrorCallbackCh2                        build/stm32h7xx_hal_dac_ex.o
HAL_DACEx_GetTrimOffset                           build/stm32h7xx_hal_dac_ex.o
HAL_DACEx_NoiseWaveGenerate                       build/stm32h7xx_hal_dac_ex.o
HAL_DACEx_SelfCalibrate                           build/stm32h7xx_hal_dac_ex.o
HAL_DACEx_SetUserTrimming                         build/stm32h7xx_hal_dac_ex.o
HAL_DACEx_TriangleWaveGenerate                    build/stm32h7xx_hal_dac_ex.o
HAL_DAC_ConfigChannel                             build/stm32h7xx_hal_dac.o
                                                  build/dac.o
HAL_DAC_ConvCpltCallbackCh1                       build/stm32h7xx_hal_dac.o
HAL_DAC_ConvHalfCpltCallbackCh1                   build/stm32h7xx_hal_dac.o
HAL_DAC_DMAUnderrunCallbackCh1                    build/stm32h7xx_hal_dac.o
HAL_DAC_DeInit                                    build/stm32h7xx_hal_dac.o
HAL_DAC_ErrorCallbackCh1                          build/stm32h7xx_hal_dac.o
HAL_DAC_GetError                                  build/stm32h7xx_hal_dac.o
HAL_DAC_GetState                                  build/stm32h7xx_hal_dac.o
HAL_DAC_GetValue                                  build/stm32h7xx_hal_dac.o
HAL_DAC_IRQHandler                                build/stm32h7xx_hal_dac.o
HAL_DAC_Init                                      build/stm32h7xx_hal_dac.o
                                                  build/dac.o
HAL_DAC_MspDeInit                                 build/dac.o
HAL_DAC_MspInit                                   build/dac.o
HAL_DAC_SetValue                                  build/stm32h7xx_hal_dac.o
HAL_DAC_Start                                     build/stm32h7xx_hal_dac.o
HAL_DAC_Start_DMA                                 build/stm32h7xx_hal_dac.o
HAL_DAC_Stop                                      build/stm32h7xx_hal_dac.o
HAL_DAC_Stop_DMA                                  build/stm32h7xx_hal_dac.o
HAL_DBGMCU_DisableDBGSleepMode                    build/stm32h7xx_hal.o
HAL_DBGMCU_DisableDBGStandbyMode                  build/stm32h7xx_hal.o
HAL_DBGMCU_DisableDBGStopMode                     build/stm32h7xx_hal.o
HAL_DBGMCU_EnableDBGSleepMode                     build/stm32h7xx_hal.o
HAL_DBGMCU_EnableDBGStandbyMode                   build/stm32h7xx_hal.o
HAL_DBGMCU_EnableDBGStopMode                      build/stm32h7xx_hal.o
HAL_DMAEx_ChangeMemory                            build/stm32h7xx_hal_dma_ex.o
HAL_DMAEx_ConfigMuxRequestGenerator               build/stm32h7xx_hal_dma_ex.o
HAL_DMAEx_ConfigMuxSync                           build/stm32h7xx_hal_dma_ex.o
HAL_DMAEx_DisableMuxRequestGenerator              build/stm32h7xx_hal_dma_ex.o
HAL_DMAEx_EnableMuxRequestGenerator               build/stm32h7xx_hal_dma_ex.o
HAL_DMAEx_MUX_IRQHandler                          build/stm32h7xx_hal_dma_ex.o
HAL_DMAEx_MultiBufferStart                        build/stm32h7xx_hal_dma_ex.o
HAL_DMAEx_MultiBufferStart_IT                     build/stm32h7xx_hal_dma_ex.o
HAL_DMA_Abort                                     build/stm32h7xx_hal_dma.o
                                                  build/stm32h7xx_hal_dac.o
                                                  build/stm32h7xx_hal_adc_ex.o
                                                  build/stm32h7xx_hal_adc.o
HAL_DMA_Abort_IT                                  build/stm32h7xx_hal_dma.o
                                                  build/stm32h7xx_hal_i2c.o
HAL_DMA_DeInit                                    build/stm32h7xx_hal_dma.o
HAL_DMA_GetError                                  build/stm32h7xx_hal_dma.o
HAL_DMA_GetState                                  build/stm32h7xx_hal_dma.o
HAL_DMA_IRQHandler                                build/stm32h7xx_hal_dma.o
HAL_DMA_Init                                      build/stm32h7xx_hal_dma.o
HAL_DMA_PollForTransfer                           build/stm32h7xx_hal_dma.o
HAL_DMA_RegisterCallback                          build/stm32h7xx_hal_dma.o
HAL_DMA_Start                                     build/stm32h7xx_hal_dma.o
HAL_DMA_Start_IT                                  build/stm32h7xx_hal_dma.o
                                                  build/stm32h7xx_hal_i2c.o
                                                  build/stm32h7xx_hal_dac.o
                                                  build/stm32h7xx_hal_adc_ex.o
                                                  build/stm32h7xx_hal_adc.o
HAL_DMA_UnRegisterCallback                        build/stm32h7xx_hal_dma.o
HAL_DeInit                                        build/stm32h7xx_hal.o
HAL_Delay                                         build/stm32h7xx_hal.o
                                                  build/stm32h7xx_hal_dac_ex.o
                                                  build/stm32h7xx_hal_dac.o
                                                  build/main.o
HAL_DisableCompensationCell                       build/stm32h7xx_hal.o
HAL_DisableDomain3DBGStandbyMode                  build/stm32h7xx_hal.o
HAL_DisableDomain3DBGStopMode                     build/stm32h7xx_hal.o
HAL_EXTI_D1_ClearFlag                             build/stm32h7xx_hal.o
HAL_EXTI_D1_EventInputConfig                      build/stm32h7xx_hal.o
HAL_EXTI_D3_EventInputConfig                      build/stm32h7xx_hal.o
HAL_EXTI_EdgeConfig                               build/stm32h7xx_hal.o
HAL_EXTI_GenerateSWInterrupt                      build/stm32h7xx_hal.o
HAL_EnableCompensationCell                        build/stm32h7xx_hal.o
HAL_EnableDomain3DBGStandbyMode                   build/stm32h7xx_hal.o
HAL_EnableDomain3DBGStopMode                      build/stm32h7xx_hal.o
HAL_FLASHEx_Erase                                 build/stm32h7xx_hal_flash_ex.o
HAL_FLASHEx_Erase_IT                              build/stm32h7xx_hal_flash_ex.o
HAL_FLASHEx_Lock_Bank1                            build/stm32h7xx_hal_flash_ex.o
HAL_FLASHEx_Lock_Bank2                            build/stm32h7xx_hal_flash_ex.o
HAL_FLASHEx_OBGetConfig                           build/stm32h7xx_hal_flash_ex.o
HAL_FLASHEx_OBProgram                             build/stm32h7xx_hal_flash_ex.o
HAL_FLASHEx_Unlock_Bank1                          build/stm32h7xx_hal_flash_ex.o
HAL_FLASHEx_Unlock_Bank2                          build/stm32h7xx_hal_flash_ex.o
HAL_FLASH_EndOfOperationCallback                  build/stm32h7xx_hal_flash.o
HAL_FLASH_GetError                                build/stm32h7xx_hal_flash.o
HAL_FLASH_IRQHandler                              build/stm32h7xx_hal_flash.o
HAL_FLASH_Lock                                    build/stm32h7xx_hal_flash.o
HAL_FLASH_OB_Launch                               build/stm32h7xx_hal_flash.o
HAL_FLASH_OB_Lock                                 build/stm32h7xx_hal_flash.o
HAL_FLASH_OB_Unlock                               build/stm32h7xx_hal_flash.o
HAL_FLASH_OperationErrorCallback                  build/stm32h7xx_hal_flash.o
HAL_FLASH_Program                                 build/stm32h7xx_hal_flash.o
HAL_FLASH_Program_IT                              build/stm32h7xx_hal_flash.o
HAL_FLASH_Unlock                                  build/stm32h7xx_hal_flash.o
HAL_GPIO_DeInit                                   build/stm32h7xx_hal_gpio.o
                                                  build/dac.o
                                                  build/adc.o
HAL_GPIO_EXTI_Callback                            build/stm32h7xx_hal_gpio.o
HAL_GPIO_EXTI_IRQHandler                          build/stm32h7xx_hal_gpio.o
HAL_GPIO_Init                                     build/stm32h7xx_hal_gpio.o
                                                  build/stm32h7xx_hal_rcc.o
                                                  build/dac.o
                                                  build/adc.o
                                                  build/gpio.o
HAL_GPIO_LockPin                                  build/stm32h7xx_hal_gpio.o
HAL_GPIO_ReadPin                                  build/stm32h7xx_hal_gpio.o
HAL_GPIO_TogglePin                                build/stm32h7xx_hal_gpio.o
                                                  build/main.o
HAL_GPIO_WritePin                                 build/stm32h7xx_hal_gpio.o
                                                  build/gpio.o
HAL_GetCurrentCPUID                               build/stm32h7xx_hal_cortex.o
                                                  build/stm32h7xx_hal_hsem.o
HAL_GetDEVID                                      build/stm32h7xx_hal.o
HAL_GetFMCMemorySwappingConfig                    build/stm32h7xx_hal.o
HAL_GetHalVersion                                 build/stm32h7xx_hal.o
HAL_GetREVID                                      build/stm32h7xx_hal.o
HAL_GetTick                                       build/stm32h7xx_hal.o
                                                  build/stm32h7xx_hal_i2c.o
                                                  build/stm32h7xx_hal_pwr_ex.o
                                                  build/stm32h7xx_hal_mdma.o
                                                  build/stm32h7xx_hal_dma.o
                                                  build/stm32h7xx_hal_flash.o
                                                  build/stm32h7xx_hal_rcc_ex.o
                                                  build/stm32h7xx_hal_rcc.o
                                                  build/stm32h7xx_hal_dac.o
                                                  build/stm32h7xx_hal_adc_ex.o
                                                  build/stm32h7xx_hal_adc.o
HAL_GetTickFreq                                   build/stm32h7xx_hal.o
HAL_GetTickPrio                                   build/stm32h7xx_hal.o
HAL_HSEM_ActivateNotification                     build/stm32h7xx_hal_hsem.o
HAL_HSEM_DeactivateNotification                   build/stm32h7xx_hal_hsem.o
HAL_HSEM_FastTake                                 build/stm32h7xx_hal_hsem.o
HAL_HSEM_FreeCallback                             build/stm32h7xx_hal_hsem.o
HAL_HSEM_GetClearKey                              build/stm32h7xx_hal_hsem.o
HAL_HSEM_IRQHandler                               build/stm32h7xx_hal_hsem.o
HAL_HSEM_IsSemTaken                               build/stm32h7xx_hal_hsem.o
HAL_HSEM_Release                                  build/stm32h7xx_hal_hsem.o
HAL_HSEM_ReleaseAll                               build/stm32h7xx_hal_hsem.o
HAL_HSEM_SetClearKey                              build/stm32h7xx_hal_hsem.o
HAL_HSEM_Take                                     build/stm32h7xx_hal_hsem.o
HAL_I2CEx_ConfigAnalogFilter                      build/stm32h7xx_hal_i2c_ex.o
HAL_I2CEx_ConfigDigitalFilter                     build/stm32h7xx_hal_i2c_ex.o
HAL_I2CEx_DisableFastModePlus                     build/stm32h7xx_hal_i2c_ex.o
HAL_I2CEx_DisableWakeUp                           build/stm32h7xx_hal_i2c_ex.o
HAL_I2CEx_EnableFastModePlus                      build/stm32h7xx_hal_i2c_ex.o
HAL_I2CEx_EnableWakeUp                            build/stm32h7xx_hal_i2c_ex.o
HAL_I2C_AbortCpltCallback                         build/stm32h7xx_hal_i2c.o
HAL_I2C_AddrCallback                              build/stm32h7xx_hal_i2c.o
HAL_I2C_DeInit                                    build/stm32h7xx_hal_i2c.o
HAL_I2C_DisableListen_IT                          build/stm32h7xx_hal_i2c.o
HAL_I2C_ER_IRQHandler                             build/stm32h7xx_hal_i2c.o
HAL_I2C_EV_IRQHandler                             build/stm32h7xx_hal_i2c.o
HAL_I2C_EnableListen_IT                           build/stm32h7xx_hal_i2c.o
HAL_I2C_ErrorCallback                             build/stm32h7xx_hal_i2c.o
HAL_I2C_GetError                                  build/stm32h7xx_hal_i2c.o
HAL_I2C_GetMode                                   build/stm32h7xx_hal_i2c.o
HAL_I2C_GetState                                  build/stm32h7xx_hal_i2c.o
HAL_I2C_Init                                      build/stm32h7xx_hal_i2c.o
HAL_I2C_IsDeviceReady                             build/stm32h7xx_hal_i2c.o
HAL_I2C_ListenCpltCallback                        build/stm32h7xx_hal_i2c.o
HAL_I2C_MasterRxCpltCallback                      build/stm32h7xx_hal_i2c.o
HAL_I2C_MasterTxCpltCallback                      build/stm32h7xx_hal_i2c.o
HAL_I2C_Master_Abort_IT                           build/stm32h7xx_hal_i2c.o
HAL_I2C_Master_Receive                            build/stm32h7xx_hal_i2c.o
HAL_I2C_Master_Receive_DMA                        build/stm32h7xx_hal_i2c.o
HAL_I2C_Master_Receive_IT                         build/stm32h7xx_hal_i2c.o
HAL_I2C_Master_Sequential_Receive_IT              build/stm32h7xx_hal_i2c.o
HAL_I2C_Master_Sequential_Transmit_IT             build/stm32h7xx_hal_i2c.o
HAL_I2C_Master_Transmit                           build/stm32h7xx_hal_i2c.o
HAL_I2C_Master_Transmit_DMA                       build/stm32h7xx_hal_i2c.o
HAL_I2C_Master_Transmit_IT                        build/stm32h7xx_hal_i2c.o
HAL_I2C_MemRxCpltCallback                         build/stm32h7xx_hal_i2c.o
HAL_I2C_MemTxCpltCallback                         build/stm32h7xx_hal_i2c.o
HAL_I2C_Mem_Read                                  build/stm32h7xx_hal_i2c.o
HAL_I2C_Mem_Read_DMA                              build/stm32h7xx_hal_i2c.o
HAL_I2C_Mem_Read_IT                               build/stm32h7xx_hal_i2c.o
HAL_I2C_Mem_Write                                 build/stm32h7xx_hal_i2c.o
HAL_I2C_Mem_Write_DMA                             build/stm32h7xx_hal_i2c.o
HAL_I2C_Mem_Write_IT                              build/stm32h7xx_hal_i2c.o
HAL_I2C_MspDeInit                                 build/stm32h7xx_hal_i2c.o
HAL_I2C_MspInit                                   build/stm32h7xx_hal_i2c.o
HAL_I2C_SlaveRxCpltCallback                       build/stm32h7xx_hal_i2c.o
HAL_I2C_SlaveTxCpltCallback                       build/stm32h7xx_hal_i2c.o
HAL_I2C_Slave_Receive                             build/stm32h7xx_hal_i2c.o
HAL_I2C_Slave_Receive_DMA                         build/stm32h7xx_hal_i2c.o
HAL_I2C_Slave_Receive_IT                          build/stm32h7xx_hal_i2c.o
HAL_I2C_Slave_Sequential_Receive_IT               build/stm32h7xx_hal_i2c.o
HAL_I2C_Slave_Sequential_Transmit_IT              build/stm32h7xx_hal_i2c.o
HAL_I2C_Slave_Transmit                            build/stm32h7xx_hal_i2c.o
HAL_I2C_Slave_Transmit_DMA                        build/stm32h7xx_hal_i2c.o
HAL_I2C_Slave_Transmit_IT                         build/stm32h7xx_hal_i2c.o
HAL_IncTick                                       build/stm32h7xx_hal.o
                                                  build/stm32h7xx_it.o
HAL_Init                                          build/stm32h7xx_hal.o
                                                  build/main.o
HAL_InitTick                                      build/stm32h7xx_hal.o
                                                  build/stm32h7xx_hal_rcc.o
HAL_MDMA_Abort                                    build/stm32h7xx_hal_mdma.o
HAL_MDMA_Abort_IT                                 build/stm32h7xx_hal_mdma.o
HAL_MDMA_ConfigPostRequestMask                    build/stm32h7xx_hal_mdma.o
HAL_MDMA_DeInit                                   build/stm32h7xx_hal_mdma.o
HAL_MDMA_GenerateSWRequest                        build/stm32h7xx_hal_mdma.o
HAL_MDMA_GetError                                 build/stm32h7xx_hal_mdma.o
HAL_MDMA_GetState                                 build/stm32h7xx_hal_mdma.o
HAL_MDMA_IRQHandler                               build/stm32h7xx_hal_mdma.o
HAL_MDMA_Init                                     build/stm32h7xx_hal_mdma.o
HAL_MDMA_LinkedList_AddNode                       build/stm32h7xx_hal_mdma.o
HAL_MDMA_LinkedList_CreateNode                    build/stm32h7xx_hal_mdma.o
HAL_MDMA_LinkedList_DisableCircularMode           build/stm32h7xx_hal_mdma.o
HAL_MDMA_LinkedList_EnableCircularMode            build/stm32h7xx_hal_mdma.o
HAL_MDMA_LinkedList_RemoveNode                    build/stm32h7xx_hal_mdma.o
HAL_MDMA_PollForTransfer                          build/stm32h7xx_hal_mdma.o
HAL_MDMA_RegisterCallback                         build/stm32h7xx_hal_mdma.o
HAL_MDMA_Start                                    build/stm32h7xx_hal_mdma.o
HAL_MDMA_Start_IT                                 build/stm32h7xx_hal_mdma.o
HAL_MDMA_UnRegisterCallback                       build/stm32h7xx_hal_mdma.o
HAL_MPU_ConfigRegion                              build/stm32h7xx_hal_cortex.o
HAL_MPU_Disable                                   build/stm32h7xx_hal_cortex.o
HAL_MPU_Enable                                    build/stm32h7xx_hal_cortex.o
HAL_MspDeInit                                     build/stm32h7xx_hal.o
HAL_MspInit                                       build/stm32h7xx_hal_msp.o
HAL_NVIC_ClearPendingIRQ                          build/stm32h7xx_hal_cortex.o
HAL_NVIC_DisableIRQ                               build/stm32h7xx_hal_cortex.o
HAL_NVIC_EnableIRQ                                build/stm32h7xx_hal_cortex.o
HAL_NVIC_GetActive                                build/stm32h7xx_hal_cortex.o
HAL_NVIC_GetPendingIRQ                            build/stm32h7xx_hal_cortex.o
HAL_NVIC_GetPriority                              build/stm32h7xx_hal_cortex.o
HAL_NVIC_GetPriorityGrouping                      build/stm32h7xx_hal_cortex.o
HAL_NVIC_SetPendingIRQ                            build/stm32h7xx_hal_cortex.o
HAL_NVIC_SetPriority                              build/stm32h7xx_hal_cortex.o
                                                  build/stm32h7xx_hal.o
                                                  build/stm32h7xx_hal_msp.o
                                                  build/main.o
HAL_NVIC_SetPriorityGrouping                      build/stm32h7xx_hal_cortex.o
                                                  build/stm32h7xx_hal.o
                                                  build/stm32h7xx_hal_msp.o
HAL_NVIC_SystemReset                              build/stm32h7xx_hal_cortex.o
HAL_PWREx_AVDCallback                             build/stm32h7xx_hal_pwr_ex.o
HAL_PWREx_ClearWakeupFlag                         build/stm32h7xx_hal_pwr_ex.o
HAL_PWREx_ConfigAVD                               build/stm32h7xx_hal_pwr_ex.o
HAL_PWREx_ConfigD3Domain                          build/stm32h7xx_hal_pwr_ex.o
HAL_PWREx_ConfigSupply                            build/stm32h7xx_hal_pwr_ex.o
HAL_PWREx_ControlStopModeVoltageScaling           build/stm32h7xx_hal_pwr_ex.o
HAL_PWREx_ControlVoltageScaling                   build/stm32h7xx_hal_pwr_ex.o
HAL_PWREx_DisableAVD                              build/stm32h7xx_hal_pwr_ex.o
HAL_PWREx_DisableBatteryCharging                  build/stm32h7xx_hal_pwr_ex.o
HAL_PWREx_DisableBkUpReg                          build/stm32h7xx_hal_pwr_ex.o
HAL_PWREx_DisableFlashPowerDown                   build/stm32h7xx_hal_pwr_ex.o
HAL_PWREx_DisableMonitoring                       build/stm32h7xx_hal_pwr_ex.o
HAL_PWREx_DisableUSBReg                           build/stm32h7xx_hal_pwr_ex.o
HAL_PWREx_DisableUSBVoltageDetector               build/stm32h7xx_hal_pwr_ex.o
HAL_PWREx_DisableWakeUpPin                        build/stm32h7xx_hal_pwr_ex.o
HAL_PWREx_EnableAVD                               build/stm32h7xx_hal_pwr_ex.o
HAL_PWREx_EnableBatteryCharging                   build/stm32h7xx_hal_pwr_ex.o
HAL_PWREx_EnableBkUpReg                           build/stm32h7xx_hal_pwr_ex.o
HAL_PWREx_EnableFlashPowerDown                    build/stm32h7xx_hal_pwr_ex.o
HAL_PWREx_EnableMonitoring                        build/stm32h7xx_hal_pwr_ex.o
HAL_PWREx_EnableUSBReg                            build/stm32h7xx_hal_pwr_ex.o
HAL_PWREx_EnableUSBVoltageDetector                build/stm32h7xx_hal_pwr_ex.o
HAL_PWREx_EnableWakeUpPin                         build/stm32h7xx_hal_pwr_ex.o
HAL_PWREx_EnterSTANDBYMode                        build/stm32h7xx_hal_pwr_ex.o
HAL_PWREx_EnterSTOPMode                           build/stm32h7xx_hal_pwr_ex.o
HAL_PWREx_GetStopModeVoltageRange                 build/stm32h7xx_hal_pwr_ex.o
HAL_PWREx_GetSupplyConfig                         build/stm32h7xx_hal_pwr_ex.o
HAL_PWREx_GetTemperatureLevel                     build/stm32h7xx_hal_pwr_ex.o
HAL_PWREx_GetVBATLevel                            build/stm32h7xx_hal_pwr_ex.o
HAL_PWREx_GetVoltageRange                         build/stm32h7xx_hal_pwr_ex.o
HAL_PWREx_GetWakeupFlag                           build/stm32h7xx_hal_pwr_ex.o
HAL_PWREx_PVD_AVD_IRQHandler                      build/stm32h7xx_hal_pwr_ex.o
HAL_PWREx_WAKEUP_PIN_IRQHandler                   build/stm32h7xx_hal_pwr_ex.o
HAL_PWREx_WKUP1_Callback                          build/stm32h7xx_hal_pwr_ex.o
HAL_PWREx_WKUP2_Callback                          build/stm32h7xx_hal_pwr_ex.o
HAL_PWREx_WKUP3_Callback                          build/stm32h7xx_hal_pwr_ex.o
HAL_PWREx_WKUP4_Callback                          build/stm32h7xx_hal_pwr_ex.o
HAL_PWREx_WKUP5_Callback                          build/stm32h7xx_hal_pwr_ex.o
HAL_PWREx_WKUP6_Callback                          build/stm32h7xx_hal_pwr_ex.o
HAL_PWR_ConfigPVD                                 build/stm32h7xx_hal_pwr.o
HAL_PWR_DeInit                                    build/stm32h7xx_hal_pwr.o
HAL_PWR_DisableBkUpAccess                         build/stm32h7xx_hal_pwr.o
HAL_PWR_DisablePVD                                build/stm32h7xx_hal_pwr.o
HAL_PWR_DisableSEVOnPend                          build/stm32h7xx_hal_pwr.o
HAL_PWR_DisableSleepOnExit                        build/stm32h7xx_hal_pwr.o
HAL_PWR_DisableWakeUpPin                          build/stm32h7xx_hal_pwr.o
HAL_PWR_EnableBkUpAccess                          build/stm32h7xx_hal_pwr.o
HAL_PWR_EnablePVD                                 build/stm32h7xx_hal_pwr.o
HAL_PWR_EnableSEVOnPend                           build/stm32h7xx_hal_pwr.o
HAL_PWR_EnableSleepOnExit                         build/stm32h7xx_hal_pwr.o
HAL_PWR_EnableWakeUpPin                           build/stm32h7xx_hal_pwr.o
HAL_PWR_EnterSLEEPMode                            build/stm32h7xx_hal_pwr.o
HAL_PWR_EnterSTANDBYMode                          build/stm32h7xx_hal_pwr.o
HAL_PWR_EnterSTOPMode                             build/stm32h7xx_hal_pwr.o
HAL_PWR_PVDCallback                               build/stm32h7xx_hal_pwr.o
                                                  build/stm32h7xx_hal_pwr_ex.o
HAL_PWR_PVD_IRQHandler                            build/stm32h7xx_hal_pwr.o
HAL_RCCEx_CRSConfig                               build/stm32h7xx_hal_rcc_ex.o
HAL_RCCEx_CRSGetSynchronizationInfo               build/stm32h7xx_hal_rcc_ex.o
HAL_RCCEx_CRSSoftwareSynchronizationGenerate      build/stm32h7xx_hal_rcc_ex.o
HAL_RCCEx_CRSWaitSynchronization                  build/stm32h7xx_hal_rcc_ex.o
HAL_RCCEx_CRS_ErrorCallback                       build/stm32h7xx_hal_rcc_ex.o
HAL_RCCEx_CRS_ExpectedSyncCallback                build/stm32h7xx_hal_rcc_ex.o
HAL_RCCEx_CRS_IRQHandler                          build/stm32h7xx_hal_rcc_ex.o
HAL_RCCEx_CRS_SyncOkCallback                      build/stm32h7xx_hal_rcc_ex.o
HAL_RCCEx_CRS_SyncWarnCallback                    build/stm32h7xx_hal_rcc_ex.o
HAL_RCCEx_DisableLSECSS                           build/stm32h7xx_hal_rcc_ex.o
HAL_RCCEx_EnableLSECSS                            build/stm32h7xx_hal_rcc_ex.o
HAL_RCCEx_GetD1PCLK1Freq                          build/stm32h7xx_hal_rcc_ex.o
HAL_RCCEx_GetD1SysClockFreq                       build/stm32h7xx_hal_rcc_ex.o
                                                  build/stm32h7xx_hal_rcc.o
HAL_RCCEx_GetD3PCLK1Freq                          build/stm32h7xx_hal_rcc_ex.o
HAL_RCCEx_GetPLL1ClockFreq                        build/stm32h7xx_hal_rcc_ex.o
HAL_RCCEx_GetPLL2ClockFreq                        build/stm32h7xx_hal_rcc_ex.o
HAL_RCCEx_GetPLL3ClockFreq                        build/stm32h7xx_hal_rcc_ex.o
HAL_RCCEx_GetPeriphCLKConfig                      build/stm32h7xx_hal_rcc_ex.o
HAL_RCCEx_GetPeriphCLKFreq                        build/stm32h7xx_hal_rcc_ex.o
HAL_RCCEx_KerWakeUpStopCLKConfig                  build/stm32h7xx_hal_rcc_ex.o
HAL_RCCEx_PeriphCLKConfig                         build/stm32h7xx_hal_rcc_ex.o
                                                  build/main.o
HAL_RCCEx_WWDGxSysResetConfig                     build/stm32h7xx_hal_rcc_ex.o
HAL_RCCEx_WakeUpStopCLKConfig                     build/stm32h7xx_hal_rcc_ex.o
HAL_RCC_CSSCallback                               build/stm32h7xx_hal_rcc.o
HAL_RCC_ClockConfig                               build/stm32h7xx_hal_rcc.o
                                                  build/main.o
HAL_RCC_DeInit                                    build/stm32h7xx_hal_rcc.o
HAL_RCC_EnableCSS                                 build/stm32h7xx_hal_rcc.o
HAL_RCC_GetClockConfig                            build/stm32h7xx_hal_rcc.o
HAL_RCC_GetHCLKFreq                               build/stm32h7xx_hal_rcc.o
                                                  build/stm32h7xx_hal_rcc_ex.o
HAL_RCC_GetOscConfig                              build/stm32h7xx_hal_rcc.o
HAL_RCC_GetPCLK1Freq                              build/stm32h7xx_hal_rcc.o
HAL_RCC_GetPCLK2Freq                              build/stm32h7xx_hal_rcc.o
HAL_RCC_GetSysClockFreq                           build/stm32h7xx_hal_rcc.o
                                                  build/stm32h7xx_hal_rcc_ex.o
HAL_RCC_MCOConfig                                 build/stm32h7xx_hal_rcc.o
HAL_RCC_NMI_IRQHandler                            build/stm32h7xx_hal_rcc.o
HAL_RCC_OscConfig                                 build/stm32h7xx_hal_rcc.o
                                                  build/main.o
HAL_ResumeTick                                    build/stm32h7xx_hal.o
HAL_SYSCFG_AnalogSwitchConfig                     build/stm32h7xx_hal.o
HAL_SYSCFG_CM7BootAddConfig                       build/stm32h7xx_hal.o
HAL_SYSCFG_CompensationCodeConfig                 build/stm32h7xx_hal.o
HAL_SYSCFG_CompensationCodeSelect                 build/stm32h7xx_hal.o
HAL_SYSCFG_DisableBOOST                           build/stm32h7xx_hal.o
HAL_SYSCFG_DisableIOSpeedOptimize                 build/stm32h7xx_hal.o
HAL_SYSCFG_DisableVREFBUF                         build/stm32h7xx_hal.o
HAL_SYSCFG_ETHInterfaceSelect                     build/stm32h7xx_hal.o
HAL_SYSCFG_EnableBOOST                            build/stm32h7xx_hal.o
HAL_SYSCFG_EnableIOSpeedOptimize                  build/stm32h7xx_hal.o
HAL_SYSCFG_EnableVREFBUF                          build/stm32h7xx_hal.o
HAL_SYSCFG_VREFBUF_HighImpedanceConfig            build/stm32h7xx_hal.o
HAL_SYSCFG_VREFBUF_TrimmingConfig                 build/stm32h7xx_hal.o
HAL_SYSCFG_VREFBUF_VoltageScalingConfig           build/stm32h7xx_hal.o
HAL_SYSTICK_CLKSourceConfig                       build/stm32h7xx_hal_cortex.o
                                                  build/main.o
HAL_SYSTICK_Callback                              build/stm32h7xx_hal_cortex.o
HAL_SYSTICK_Config                                build/stm32h7xx_hal_cortex.o
                                                  build/stm32h7xx_hal.o
                                                  build/main.o
HAL_SYSTICK_IRQHandler                            build/stm32h7xx_hal_cortex.o
                                                  build/stm32h7xx_it.o
HAL_SetFMCMemorySwappingConfig                    build/stm32h7xx_hal.o
HAL_SetTickFreq                                   build/stm32h7xx_hal.o
HAL_SuspendTick                                   build/stm32h7xx_hal.o
HRTIM1_FLT_IRQHandler                             build/startup_stm32h743xx.o
HRTIM1_Master_IRQHandler                          build/startup_stm32h743xx.o
HRTIM1_TIMA_IRQHandler                            build/startup_stm32h743xx.o
HRTIM1_TIMB_IRQHandler                            build/startup_stm32h743xx.o
HRTIM1_TIMC_IRQHandler                            build/startup_stm32h743xx.o
HRTIM1_TIMD_IRQHandler                            build/startup_stm32h743xx.o
HRTIM1_TIME_IRQHandler                            build/startup_stm32h743xx.o
HSEM1_IRQHandler                                  build/startup_stm32h743xx.o
HardFault_Handler                                 build/stm32h7xx_it.o
I2C1_ER_IRQHandler                                build/startup_stm32h743xx.o
I2C1_EV_IRQHandler                                build/startup_stm32h743xx.o
I2C2_ER_IRQHandler                                build/startup_stm32h743xx.o
I2C2_EV_IRQHandler                                build/startup_stm32h743xx.o
I2C3_ER_IRQHandler                                build/startup_stm32h743xx.o
I2C3_EV_IRQHandler                                build/startup_stm32h743xx.o
I2C4_ER_IRQHandler                                build/startup_stm32h743xx.o
I2C4_EV_IRQHandler                                build/startup_stm32h743xx.o
JPEG_IRQHandler                                   build/startup_stm32h743xx.o
LPTIM1_IRQHandler                                 build/startup_stm32h743xx.o
LPTIM2_IRQHandler                                 build/startup_stm32h743xx.o
LPTIM3_IRQHandler                                 build/startup_stm32h743xx.o
LPTIM4_IRQHandler                                 build/startup_stm32h743xx.o
LPTIM5_IRQHandler                                 build/startup_stm32h743xx.o
LPUART1_IRQHandler                                build/startup_stm32h743xx.o
LTDC_ER_IRQHandler                                build/startup_stm32h743xx.o
LTDC_IRQHandler                                   build/startup_stm32h743xx.o
MDIOS_IRQHandler                                  build/startup_stm32h743xx.o
MDIOS_WKUP_IRQHandler                             build/startup_stm32h743xx.o
MDMA_IRQHandler                                   build/startup_stm32h743xx.o
MX_ADC1_Init                                      build/adc.o
                                                  build/main.o
MX_DAC1_Init                                      build/dac.o
                                                  build/main.o
MX_GPIO_Init                                      build/gpio.o
                                                  build/main.o
MemManage_Handler                                 build/stm32h7xx_it.o
NMI_Handler                                       build/stm32h7xx_it.o
OTG_FS_EP1_IN_IRQHandler                          build/startup_stm32h743xx.o
OTG_FS_EP1_OUT_IRQHandler                         build/startup_stm32h743xx.o
OTG_FS_IRQHandler                                 build/startup_stm32h743xx.o
OTG_FS_WKUP_IRQHandler                            build/startup_stm32h743xx.o
OTG_HS_EP1_IN_IRQHandler                          build/startup_stm32h743xx.o
OTG_HS_EP1_OUT_IRQHandler                         build/startup_stm32h743xx.o
OTG_HS_IRQHandler                                 build/startup_stm32h743xx.o
OTG_HS_WKUP_IRQHandler                            build/startup_stm32h743xx.o
PVD_AVD_IRQHandler                                build/startup_stm32h743xx.o
PendSV_Handler                                    build/stm32h7xx_it.o
QUADSPI_IRQHandler                                build/startup_stm32h743xx.o
RCC_IRQHandler                                    build/startup_stm32h743xx.o
RNG_IRQHandler                                    build/startup_stm32h743xx.o
RTC_Alarm_IRQHandler                              build/startup_stm32h743xx.o
RTC_WKUP_IRQHandler                               build/startup_stm32h743xx.o
Reset_Handler                                     build/startup_stm32h743xx.o
SAI1_IRQHandler                                   build/startup_stm32h743xx.o
SAI2_IRQHandler                                   build/startup_stm32h743xx.o
SAI3_IRQHandler                                   build/startup_stm32h743xx.o
SAI4_IRQHandler                                   build/startup_stm32h743xx.o
SDMMC1_IRQHandler                                 build/startup_stm32h743xx.o
SDMMC2_IRQHandler                                 build/startup_stm32h743xx.o
SPDIF_RX_IRQHandler                               build/startup_stm32h743xx.o
SPI1_IRQHandler                                   build/startup_stm32h743xx.o
SPI2_IRQHandler                                   build/startup_stm32h743xx.o
SPI3_IRQHandler                                   build/startup_stm32h743xx.o
SPI4_IRQHandler                                   build/startup_stm32h743xx.o
SPI5_IRQHandler                                   build/startup_stm32h743xx.o
SPI6_IRQHandler                                   build/startup_stm32h743xx.o
SVC_Handler                                       build/stm32h7xx_it.o
SWPMI1_IRQHandler                                 build/startup_stm32h743xx.o
SysTick_Handler                                   build/stm32h7xx_it.o
SystemClock_Config                                build/main.o
SystemCoreClock                                   build/system_stm32h7xx.o
                                                  build/stm32h7xx_hal.o
                                                  build/stm32h7xx_hal_mdma.o
                                                  build/stm32h7xx_hal_dma.o
                                                  build/stm32h7xx_hal_rcc_ex.o
                                                  build/stm32h7xx_hal_rcc.o
                                                  build/stm32h7xx_hal_adc_ex.o
                                                  build/stm32h7xx_hal_adc.o
                                                  build/main.o
SystemCoreClockUpdate                             build/system_stm32h7xx.o
SystemD2Clock                                     build/system_stm32h7xx.o
                                                  build/stm32h7xx_hal_rcc.o
SystemInit                                        build/system_stm32h7xx.o
                                                  build/startup_stm32h743xx.o
TAMP_STAMP_IRQHandler                             build/startup_stm32h743xx.o
TIM15_IRQHandler                                  build/startup_stm32h743xx.o
TIM16_IRQHandler                                  build/startup_stm32h743xx.o
TIM17_IRQHandler                                  build/startup_stm32h743xx.o
TIM1_BRK_IRQHandler                               build/startup_stm32h743xx.o
TIM1_CC_IRQHandler                                build/startup_stm32h743xx.o
TIM1_TRG_COM_IRQHandler                           build/startup_stm32h743xx.o
TIM1_UP_IRQHandler                                build/startup_stm32h743xx.o
TIM2_IRQHandler                                   build/startup_stm32h743xx.o
TIM3_IRQHandler                                   build/startup_stm32h743xx.o
TIM4_IRQHandler                                   build/startup_stm32h743xx.o
TIM5_IRQHandler                                   build/startup_stm32h743xx.o
TIM6_DAC_IRQHandler                               build/startup_stm32h743xx.o
TIM7_IRQHandler                                   build/startup_stm32h743xx.o
TIM8_BRK_TIM12_IRQHandler                         build/startup_stm32h743xx.o
TIM8_CC_IRQHandler                                build/startup_stm32h743xx.o
TIM8_TRG_COM_TIM14_IRQHandler                     build/startup_stm32h743xx.o
TIM8_UP_TIM13_IRQHandler                          build/startup_stm32h743xx.o
UART4_IRQHandler                                  build/startup_stm32h743xx.o
UART5_IRQHandler                                  build/startup_stm32h743xx.o
UART7_IRQHandler                                  build/startup_stm32h743xx.o
UART8_IRQHandler                                  build/startup_stm32h743xx.o
USART1_IRQHandler                                 build/startup_stm32h743xx.o
USART2_IRQHandler                                 build/startup_stm32h743xx.o
USART3_IRQHandler                                 build/startup_stm32h743xx.o
USART6_IRQHandler                                 build/startup_stm32h743xx.o
UsageFault_Handler                                build/stm32h7xx_it.o
WAKEUP_PIN_IRQHandler                             build/startup_stm32h743xx.o
WWDG_IRQHandler                                   build/startup_stm32h743xx.o
_Error_Handler                                    build/main.o
                                                  build/dac.o
                                                  build/adc.o
__atexit_dummy                                    /usr/lib/gcc/arm-none-eabi/8.2.0/../../../../arm-none-eabi/lib/thumb/v7e-m+dp/hard/libc_nano.a(lib_a-__atexit.o)
__bss_end__                                       /usr/lib/gcc/arm-none-eabi/8.2.0/../../../../arm-none-eabi/lib/thumb/v7e-m+dp/hard/crt0.o
__bss_start__                                     /usr/lib/gcc/arm-none-eabi/8.2.0/../../../../arm-none-eabi/lib/thumb/v7e-m+dp/hard/crt0.o
__call_exitprocs                                  /usr/lib/gcc/arm-none-eabi/8.2.0/../../../../arm-none-eabi/lib/thumb/v7e-m+dp/hard/libc_nano.a(lib_a-__call_atexit.o)
                                                  /usr/lib/gcc/arm-none-eabi/8.2.0/../../../../arm-none-eabi/lib/thumb/v7e-m+dp/hard/libc_nano.a(lib_a-__atexit.o)
                                                  /usr/lib/gcc/arm-none-eabi/8.2.0/../../../../arm-none-eabi/lib/thumb/v7e-m+dp/hard/libc_nano.a(lib_a-exit.o)
__deregister_frame_info                           /usr/lib/gcc/arm-none-eabi/8.2.0/thumb/v7e-m+dp/hard/crtbegin.o
__dso_handle                                      /usr/lib/gcc/arm-none-eabi/8.2.0/thumb/v7e-m+dp/hard/crtbegin.o
__fini_array_end                                  /usr/lib/gcc/arm-none-eabi/8.2.0/../../../../arm-none-eabi/lib/thumb/v7e-m+dp/hard/libc_nano.a(lib_a-fini.o)
__fini_array_start                                /usr/lib/gcc/arm-none-eabi/8.2.0/../../../../arm-none-eabi/lib/thumb/v7e-m+dp/hard/libc_nano.a(lib_a-fini.o)
__init_array_end                                  /usr/lib/gcc/arm-none-eabi/8.2.0/../../../../arm-none-eabi/lib/thumb/v7e-m+dp/hard/libc_nano.a(lib_a-init.o)
__init_array_start                                /usr/lib/gcc/arm-none-eabi/8.2.0/../../../../arm-none-eabi/lib/thumb/v7e-m+dp/hard/libc_nano.a(lib_a-init.o)
__libc_fini_array                                 /usr/lib/gcc/arm-none-eabi/8.2.0/../../../../arm-none-eabi/lib/thumb/v7e-m+dp/hard/libc_nano.a(lib_a-fini.o)
                                                  /usr/lib/gcc/arm-none-eabi/8.2.0/../../../../arm-none-eabi/lib/thumb/v7e-m+dp/hard/crt0.o
__libc_init_array                                 /usr/lib/gcc/arm-none-eabi/8.2.0/../../../../arm-none-eabi/lib/thumb/v7e-m+dp/hard/libc_nano.a(lib_a-init.o)
                                                  build/startup_stm32h743xx.o
                                                  /usr/lib/gcc/arm-none-eabi/8.2.0/../../../../arm-none-eabi/lib/thumb/v7e-m+dp/hard/crt0.o
__on_exit_args                                    /usr/lib/gcc/arm-none-eabi/8.2.0/../../../../arm-none-eabi/lib/thumb/v7e-m+dp/hard/libc_nano.a(lib_a-__atexit.o)
__preinit_array_end                               /usr/lib/gcc/arm-none-eabi/8.2.0/../../../../arm-none-eabi/lib/thumb/v7e-m+dp/hard/libc_nano.a(lib_a-init.o)
__preinit_array_start                             /usr/lib/gcc/arm-none-eabi/8.2.0/../../../../arm-none-eabi/lib/thumb/v7e-m+dp/hard/libc_nano.a(lib_a-init.o)
__register_exitproc                               /usr/lib/gcc/arm-none-eabi/8.2.0/../../../../arm-none-eabi/lib/thumb/v7e-m+dp/hard/libc_nano.a(lib_a-__atexit.o)
                                                  /usr/lib/gcc/arm-none-eabi/8.2.0/../../../../arm-none-eabi/lib/thumb/v7e-m+dp/hard/libc_nano.a(lib_a-atexit.o)
__register_frame_info                             /usr/lib/gcc/arm-none-eabi/8.2.0/thumb/v7e-m+dp/hard/crtbegin.o
__sf_fake_stderr                                  /usr/lib/gcc/arm-none-eabi/8.2.0/../../../../arm-none-eabi/lib/thumb/v7e-m+dp/hard/libc_nano.a(lib_a-impure.o)
__sf_fake_stdin                                   /usr/lib/gcc/arm-none-eabi/8.2.0/../../../../arm-none-eabi/lib/thumb/v7e-m+dp/hard/libc_nano.a(lib_a-impure.o)
__sf_fake_stdout                                  /usr/lib/gcc/arm-none-eabi/8.2.0/../../../../arm-none-eabi/lib/thumb/v7e-m+dp/hard/libc_nano.a(lib_a-impure.o)
__stack                                           /usr/lib/gcc/arm-none-eabi/8.2.0/../../../../arm-none-eabi/lib/thumb/v7e-m+dp/hard/crt0.o
_ebss                                             build/startup_stm32h743xx.o
_edata                                            build/startup_stm32h743xx.o
_estack                                           build/startup_stm32h743xx.o
_exit                                             /usr/lib/gcc/arm-none-eabi/8.2.0/../../../../arm-none-eabi/lib/thumb/v7e-m+dp/hard/libnosys.a(_exit.o)
                                                  /usr/lib/gcc/arm-none-eabi/8.2.0/../../../../arm-none-eabi/lib/thumb/v7e-m+dp/hard/libc_nano.a(lib_a-exit.o)
_fini                                             /usr/lib/gcc/arm-none-eabi/8.2.0/thumb/v7e-m+dp/hard/crti.o
                                                  /usr/lib/gcc/arm-none-eabi/8.2.0/../../../../arm-none-eabi/lib/thumb/v7e-m+dp/hard/libc_nano.a(lib_a-fini.o)
_global_atexit                                    /usr/lib/gcc/arm-none-eabi/8.2.0/../../../../arm-none-eabi/lib/thumb/v7e-m+dp/hard/libc_nano.a(lib_a-__call_atexit.o)
                                                  /usr/lib/gcc/arm-none-eabi/8.2.0/../../../../arm-none-eabi/lib/thumb/v7e-m+dp/hard/libc_nano.a(lib_a-__atexit.o)
_global_impure_ptr                                /usr/lib/gcc/arm-none-eabi/8.2.0/../../../../arm-none-eabi/lib/thumb/v7e-m+dp/hard/libc_nano.a(lib_a-impure.o)
                                                  /usr/lib/gcc/arm-none-eabi/8.2.0/../../../../arm-none-eabi/lib/thumb/v7e-m+dp/hard/libc_nano.a(lib_a-exit.o)
_impure_ptr                                       /usr/lib/gcc/arm-none-eabi/8.2.0/../../../../arm-none-eabi/lib/thumb/v7e-m+dp/hard/libc_nano.a(lib_a-impure.o)
_init                                             /usr/lib/gcc/arm-none-eabi/8.2.0/thumb/v7e-m+dp/hard/crti.o
                                                  /usr/lib/gcc/arm-none-eabi/8.2.0/../../../../arm-none-eabi/lib/thumb/v7e-m+dp/hard/libc_nano.a(lib_a-init.o)
_mainCRTStartup                                   /usr/lib/gcc/arm-none-eabi/8.2.0/../../../../arm-none-eabi/lib/thumb/v7e-m+dp/hard/crt0.o
_sbss                                             build/startup_stm32h743xx.o
_sdata                                            build/startup_stm32h743xx.o